4SvPjNlF01E
skKh5wyzlR0
J2PYwi8fy-M
k4F0U2pFpzM
WamDGlFeITE
PbboDe6LKpA
H3H2yM3se2U
bX95LotTxIc
d11OlJ8s8W0
NyoGIdJOatE
Xdi39XypbLM
WHMD6IWOKWA
z_y8cn6bSPE
8DfJ8Gab5ss
Ag-cpNluY5g
I-43DzvhxX8
Jwl6W9NO4a8
qk9xX1xPbr4
qXKK5EqQaEk
XRgAsjKnRKw
MYmMZxmSc1U
3LHzz9mOv-Q
S9w8HIDshPY
C1fK650VlbU
9MaPyH0Iq_s
yyweeKJgIcQ
3G-jjFJcmM4
MWMziwEXxvc
y87iv7y6uoQ
4hb9gnKnyCs
w_gwcBffGm0
wpZQAgeaXOo
znFV2xkFryI
HaCPhXb4C9o
6IXgAmerkTA
rAOU2gl4kY8
0vg5Cfclff0
Yyr_hgw7nWA
xRH8tSDeW5Y
GR60RiycSW8
l-Ve9Vwj3gw
Ho_9b4TZ4mY
uS_PZHidou4
ikkXVRhmXsg
KFBk21Mb8G4
tl2IIIQCdbQ
OQQi0DPZAwM
z_PJ6PXI-A4
YZR56hAPnbM
IHKStNPCy3M
CXLfvK0KXgQ
0suxwissusc
n0PvJiIn6kM
nMm2N4XwEKA
dKXcVq61y8Q
rN83eeGTRy4
-dByD-uiW-M
hnD5P_eDTWI
Gq4Y4gL3zSg
eVllqiMUH3U
tmO6N6TBXoE
RGzcsBqIbPk
nZJGt3ZVg3g
8JwsTjoA0UI
CCPB8aG41OI
I-J0BIO4hHE
JEbPgn3clPk
i-JgZ3dRxUM
7Pa33AYjvlI
N3TS8nu0wb0
yWnsKW7mQf8
5g8UsTKizbM
KvSsYaoSJGI
mUmneTwv8YU
ZVc4WU2xCXk
YdttoM3jJIY
mHC_numQNKc
q9i1neIo2pc
1orBujATQSc
zVFxyBgTLig
pN8V6Sj2v1E
SgMWGmIe3lE
RHhWHAZaCS0
BbPeMSr4DNU
YZ91u4s8VrA
m4KnpIUjHJ4
RtdZJtLAcSQ
UsYtt2zjq5Q
ytzNJ0UmaSQ
3G3atDjt6YI
vLXJpEux3ZQ
Uy5LTocHmoA
DkjlrTE5lD8
5grobANTyX8
dFq9wbrV-v0
E2jWVn7MgvA
ovjZ1-11x74
RtrL1aWkJg4
neef_gJdaYk
4krs7z2bjlE
r_uAkMkSsRo
Su_b25Y5NUs
ffsznHClegw
Bvu9m__ZX60
iHi64dMEsPc
KuCYGSYh5AE
4-VI6wHytIk
wm61oYLRlYE
f9YTQZE8Ve0
UpFZ2YaKeqM
Q2iVM-go4_g
iMHBCQYyxTY
Hz4VMAUswbQ
fNVoFSg4LDQ
AkrX8q82IAo
-8EUHRbTIg8
JDdn2qp-a_Y
bgS2S_kPUts
VorNgfwPrek
v5f-G9Uu5dE
FXAJcUvUI8k
3xPNuCtNx-s
U_E5xJaBgV4
IR4uPJm7X8A
CRqP3VFrars
ZoSJptgd6Eo
Y5RRrc9cs4E
bwP1NkqJnKU
RSYbTSTz91g
OB_YQZZvX-I
8vIsfkzDY0Q
v-Y1kmv3zeI
0mcohdpEMd0
pVBTPHjNunw
JQtBu7eNKew
uPRSAz0nPyY
yk3Sd21RHPE
R0heS5c1VIY
ZBXiIs_4H6M
cfQArtJ0PAM
prqDTwrZqyk
fBqz3SYDb2s
el7kwS4yzBw
k3hCZhswS1Y
vwwDwLVXTLI
WgqL4W1sM-4
mCev-M_-3tU
MFVmxoXgeNQ
Pyk2cjuEDGc
3X758yC-ouE
5d9XEfAM0yE
5M8qir0gNIA
i-OFj3B0Yms
awOK5ayCJao
wTUuzWCHAk0
aFf3lDOAp6Y
O51dYZERhkE
itrGvpJBJHU
CdZ68Xzz9CU
Ci2Xmro56Lw
aVu_bZFLtCc
1LM84FSzW0g
n9JX1gUnJg4
ANDEUDt7FLw
_NHK8xO__BQ
3n0JIuX9fZA
Ra9FqlaaeK8
bGnivk-jepU
VtmAz4in8Wo
CW9NulhMq_Y
VIxEHF1_SJM
iWpuOrmm2Zo
TaZui8Qckm4
-3OY-UFP2O4
I2V_12oQuQo
f6T9m9eKMpg
dBM3eM9HOoA
9rfuCjVU1jk
50jWYPiXyz4
WJ1djRwaX18
AU3Z8jz5ZBg
y-wMxQ9X3uw
vjSKxFfjg8c
ZVWcmGnfCtk
OEapffs2lq0
SU-WjRF-_aU
V2ZynThdr90
JfwwWCUzes4
1T25AgTIF9w
DdQzV2kKzf4
vjm4_QuByQY
iGuCpdwkMvM
g4fQ5iOVzsI
RrGhiInqXhc
LSeJeKHsUkw
SG2VLfHU-BQ
ynZjPq4lc0w
jtVAPRq3wgk
1j99sWYkBCQ
7Q0_uzArNaU
tAyThCWKc50
THx57-W33NU
LThm7VYvwxY
aGjZtESesOI
IRG9Z7Y2uS4
WPXNB-P4erk
eM0ggaX5hUo
6hn-iB87Mvk
pQ2q6tQyHXc
74ZiZ1iGG4k
u7nXXtYaRro
uqcOZw0cSe8
22kR2g5KWYA
SZYXQ-6bfiQ
GiGoLFs4q7U
ht6-XcZV1IU
p0HamWCVrFI
qRBDAwgpLs0
56auoHZucuk
0WJzAxVDi_8
rXRLQSiFk2s
WZk76BqQsyI
dMYhXvXvQNI
Z1iDA--IZM4
1IGLtJjDliI
KayHKHkYMro
uayp7VRoL3Y
dpfkpZzZvqw
Nxe80smr9xM
2w2OJqy1igY
QaL8YLg_JGI
SJIbpqgYWGw
y1siIqv58Yw
uuuONKRUn_c
m492YyGMNyQ
NlVipwFzI7I
vzjSs4eNdjg
KYqp3UjczeA
MMbKWxiDTxQ
rrFwyHP3n28
jnopGSHnOXc
2HilMYC02eE
DWphTwyz7-Q
ch1UGNF-8qA
O3NLaKxgOIg
aNMEY_wK_O4
Fps2ato1-p4
HnUVz0J2CoE
69Aw5PC1h4Y
DhC780htXOc
Xn3cKBWeMqY
UQ2K1W-izdM
NzfE5EllJcY
Utz08swAf88
GPmKQ0wVGfk
JptTJ2Ow5GE
HwZ1kOGiCZU
RI3_GG8QA8U
knOkKqZm6I4
mkaBzkslLdU
bKV1IS-ATmQ
fJfHio68IrU
f7UJ9FwlX-8
GcKeKmHi--A
OGn20SNUUmU
xke70IUuoLE
oxNOKsLrGC0
Ayh2JIEMPcM
0cfJOmUaNNI
hLl1uHlPYKs
zKlAFc39qFs
6JTKEOAWLyQ
po5rZ0EzSeE
E2h4a4pLC4A
5K3JaGCrDtg
7HT7AS3UmFI
luMEfbJInw0
e6ZSBe_Zrjg
CHOelflV6A8
0_FbaigWRaM
sb37cgYc8zY
DjYIyLX-aSk
m9AcUM0ZaL4
nwEQ3oqmwgA
pedNfNtzaVw
fWcDkbETJTU
7UNVSS9ZidM
lBKtOdmFtnI
VRoVjpa3Scg
1wlq-A6rDqQ
9fzOqxzLfd8
LrRh2IJUoZg
ZZJ0IEI8N80
T1z5q3iTtwo
qrMkehSkblk
EFNxuXvqQYA
bBSs8gk_srE
jXZr8aoD3vA
5REgF4xuAmY
wgJo8VhVq_o
wGzsTmM6Les
MhEi91b6ako
WV4m9MRFP5o
Gleb5jsH3_A
RbgxpagCY_c
fUSnjhWRZ8U
AZb-6EYDIVs
UTgWLbuCWDo
7nyEhYNnBXg
vUtEW6OTQLw
7jiN9hsm-kQ
k8gpZL3RZ3A
HcIJK8y6jRY
DO6_Rp_ZDCw
J6yMf10p2U8
ttUD_ffjJhk
jrvzuQmr5to
RSn20tJsvZQ
tqKpROvrBv4
pHb0IPApb5s
gz0rSiJZ2wQ
dQZn3cqvJes
rLDPDjx0Ll8
su06lbP1A2U
mOAFJQbBBaA
SnRBZqRQfW8
66aDKj34l04
nd9n8WBWaC4
LKWosiUUORs
A9n67yCpkx4
QGprj-a71qs
wbxEZtjx1lg
dS7Ffvs2Evg
wgux5WTgDV8
4OI0NyIoGyw
KsxY0QCC5vk
IuN5joAWuqk
yRbCNU7CsCM
Oue_XEKHq3g
Eojj8gAvebU
i3tnNk_jnAw
Vh7S4HvULN0
fLY8BgzLvFo
oL9MH1Q5Cgg
MgLX0EXju30
Di3FaSDxSRA
qqj5g-kjyl0
DJr4GJV6L1Y
dySedWOZ9CE
DowG7clEJuA
vyQzp8V9Q50
PJFOnPTH_Qk
rzJDcwiwDUA
z15HgMkRuVU
HqOhvoxC7Po
c_XLrDQeSKI
yclnEUMUcB4
Gotc4Ios1l0
PBxUJk7evkc
Jsj9obKqpAo
QcnSIlhyRww
dlS3vQEBkYU
52NNTlLpNMM
J5u-r9KzQZ0
2Nze37OTkN8
JjOCViuhKwo
qD-shAzTFsU
MgbRXF5DCFw
-oytwMeyR74
S-B2wwTKE8I
jmomkRqT7oQ
J3n8j07skhM
gkcVbhfvnGI
tm_cPcKcByE
-076WPWoCRE
hiFt8CnzWmc
kXqj4APQnqo
B7el-TvTuBI
jMz0QkOKaGw
GxWXGAwSRLA
fFsL5Q3hbwU
mn3ZaG_i6y8
W0tEjOPwFjM
TuU7yOyECMY
GCydJe2p0zs
sKqwSHAZgGY
eu0hu1VTZBc
bvc6v-zj1-o
l0qDAG7jGfg
YB43_nwD9bE
-tOdJzOzkHA
S-wfIX4PVHM
T76pw0b33pw
I0adP8isw8k
ZUim66V_nko
Lk7JHCLlQdQ
JXbGskXdAVc
CuGCyjT12HM
4H0sn7S7y4A
VY0W4RTvoBY
n524y8uPUaU
WMZAENL9oFw
FuU0gphmHYQ
IwOIvqmxe7M
Jx8aWIt5oGM
9yzuI5W2EzA
z3XCx5uyVOI
CREpRoomofw
MiaETmJ7atc
xspTbjeOJuU
cWjGQtbyYFE
PCZ0CV0rUGA
maEpS6M4GWo
lYucM0BW-lo
1k8kQlJ8XH0
q3rNT2B2fQg
1C-iG9NXen0
yCgqt_wo0B4
Er6BDsQ9VCg
2VP929E1o2E
SwdEAhjvXcA
00Eu5i2mTbw
zwxXC7gLTEY
HNQMF7e6IL0
sGpdM03_NPk
3xImP9r-G7Q
a_C-Wa4gNHA
s2Nevqi09W0
9FK9qU7ccCY
PVWgZKtOMjY
omAGGMW7JFE
mekadE8PLgk
cktjeMD2tiE
UJM3krUkz1o
JpbIfHvgF_o
5X0q6wmUwyw
8CJcfZtbZ2U
T1fiWBf6HCw
kFYHteKyvkU
Y552m_F8Xbg
O1tbUAHVvTU
v4lbwuoHnjM
S4v9RZyyC3g
RYiTVMb_UHg
wgMmUpldVbE
jrvEjtkpIPM
gq9VRNUqI4k
CIoepCR9NSU
mNrrRIFRlJA
Z1SDVMmWeqA
aofRlMo7v70
PEut3w_CMfg
UPlkR2E_EZk
WPUaB4G77S8
duJxAVJzQ4g
BgU98DTN6QY
eBlLt8MOHXM
FqaKhYKEI-A
I4Imhb_UqgI
0d8eQVPYjNM
769sl6upNEY
LDBWBUVZsCI
V3zp7XOGBhs
gSueCRQO_5g
2EaicpJ0vYk
arEX6Uo-0cc
CYiKu-303ho
1hNl3SYJDAc
lVRTR0nfKvw
99qPM4i1GnE
_bQA6ODNAS0
tw37UW5VGfg
qJO0RSk4htI
wH6f1T9kcYo
_65lEmHZ3hQ
SIjrs7oxJr0
TWsixmdzsnI
NdE7uYVaynQ
WbU3_lRa4s8
eqmjLZGZ36k
jjFB8jUvEno
7muYPid24Ps
vND8HNXyvIo
687gkvLi5kI
tVSATje07as
NNhN2Y6ZVkQ
d--5uWUXhPM
wmViONWyGSA
gsWoN6uGM9c
0DhWUtlWcA0
aKRMhMOHs8I
GnEWtqSidOc
t3OgV0njs9Y
f6njWBlFK3I
fRMTS_8pJv4
sTW91HRsybM
DvKgcBbvGa0
ifurLY3mRF4
yEmnMCi8y5w
FFmvv8HUYPw
4gCK4G5zcLw
BIrH5_kvgLc
fGaRV_0xl-c
3ghcG_16S7c
vq8tdZUrZ30
rWDik0AmfIo
h5eb7vQhRhI
p2HQGFwtLeI
5jNAMtcSLhQ
9O4psN_VXNU
PgR_YjhMNno
OQ6vT4VNLUM
j7D4hMz_KSI
r6pD8uxgejo
0zcuZ-Rmgi4
Tg_p387BYuI
FXZP8850kh4
YpoXMebAYgE
f5YQ1lA3kQI
HlFrYtllnkU
2hnHhMPJoiw
Vyn4x0Gbn_0
b1KhtJdiPkk
9OJDmis_dM8
q65zGO7s3rM
tN-CkuM6jYs
uRtzWu5pfpQ
e0gbKSHtH24
aieThfuvmtY
v7i0ygM7w30
NUIpYejiDt8
CFft3TUgqEI
pXdcvLy1vVY
jL39PuZmfPk
HUZTBwuu7eY
nOoWRhp9ZiA
3ja2teDnx_I
QpDblC4VoDA
riccApGhD_Q
gwFhKBOJCEw
WQvHH-u9W5w
I13wYBLY0Ko
Nv_K2XR2ZBs
2d7-VONA2C8
xjgPW877Ho8
C7_O5BZz0Eo
pSZ1V4NkJJc
5h95uTtPeck
ueQGC4JmvxQ
X5MFkY0Nz3Q
IywSTYwIUHE
9UOpRjrFPIg
wv7OxouKZsc
KTH6N2n0exc
AOOeEwKy5KE
q1zQOA-SslE
N6UH-jzU5Hw
PB0H3rSBMD8
fP6KTL28GD0
QP7aBPbCO5g
tmZeR3hiGQM
qZkGmCidn50
-3GumCmyAIk
v7NQ-MI0G7Q
qliVdl8NQVQ
z_RHMC7qAJM
p0dKfplTYZg
9Ab9TWtqCv4
jfy1J6exPXs
6BJorrGulVs
CRIg8Dqu804
eXkcfLt2LXc
2d-3lo5BVVY
_kg76aCZxoU
0Zgz2TVXJos
4fxKBGthpaw
9X2wM6HD_og
7aY4qUF0DIo
P4KyjvsceZQ
0HUUucT-47Y
pjy-lzuZy5I
MjehJ4T_LKI
Hl6R75H0LRE
359qEKqEMxw
mBPqc35yH7I
A551Ax3BGcw
97pAdzsZSqo
E799pQJv1Mk
OWN_J9FGZ5I
OdpM9Mp0Akc
OLZg3uE2-A4
BocUY7ALy7w
4EAmFGIf6Bg
kt70EFCFAGo
M6C6yWylLc8
idLVnagjl_s
iK273cJvPwc
x1gpukNIvlg
VMYjcjUdLPs
gz2DSEVaojk
4SilhsTuDU0
js-sWf2lBfc
eNRPjcjAsaI
BbKFi2u0yYQ
4EgRaySMjJQ
c4DbdubFuEk
RWc3Xyh_pp4
CEA_q7cKgMI
IRF43yEkFOM
4vMiWz7gt_0
y42GkyrTH64
SQg3kC22LfY
y3WFgR-jzmk
JG7Z7cQm4a8
e8DOBptHEpE
ytU2O3QtMjw
BuuVgZZM878
4OjImrdr1ZU
woqNEE20HhI
BAgStSY6mIo
vvE-91_cFPI
9SNt5luwwsU
hoq-DkykYdQ
nWxIAVQpv8E
QVgYAUdTIRI
Zfp2sj4Tzk0
my5DHbLwnLI
RsE-uLbCykQ
h6BNmvrPx2Y
lveuF34ho4M
G8pABGosD38
xI51qNqzZSU
16dhZkQvzc4
FXrymP-Xr1g
WcJVIHIt774
uBp-cC_5me0
OU2mkLmW5BQ
kPssHl1FXTY
Kj-RSMFFEZ0
rbRQGsEDwwM
WaAmpGDdTDM
mhZcVjNdwzE
kzWozTWdlLY
UTzdbkqmFI0
Wfw4es2hwrw
ATsKN7HVbUg
MezeLUxexP0
Ko9pZC8u5v8
lLIFe9-4060
kDqR0jLZ8Jk
AI1kS5hz5gM
yXi0NvLN2Is
qZ7QSckdUJc
jm3dpBaUULI
xREvnBpwpzQ
JbGlLbNYBy8
SMBo1ZlUOmY
Bbd_e5g5SKw
qUTNqWWIF0k
HQ8HIh4TiLs
Eg_SGvYgNp0
FAeSKakzkGk
siSeWKXTSeI
daZ2ffvJ5CY
Ch4uTD4FVlk
QQTlq72pqSA
MSIyd-HKDps
DQHOZC7ZiD8
Om7kIxFL7hs
hQpA12LhR-k
SFLcGnB0bA0
m0kXQPIjgbo
bCjt8o3migE
qE8_sstg78k
PT4sml5gXY4
dSHa4-xktlI
ANiYqjx9r3U
XSHyjoU5RDc
n7N1KAECOUA
dDwlYHRlmn0
bxnrry6ufRQ
Oak26yVbibQ
78wfVeTDbLg
1zt87XCWlWs
XUHXxmUJ7LI
Kh6TcYN-M18
JA7uN2ygPfk
GyiujGdjdq4
72f3ayGhMEA
hmLDe6H50tI
HZYperUFw_g
jmEu_f0ccCM
866j-XIZmjg
W6P9tti3bhg
ktFMDkRBXrg
fl-rc2-fb4Y
ek5aFRaRxxE
X-PXIjJRkss
-d7xDSENKu8
7nyl46ZM8zQ
AOA3QUQcLwI
4GlgdBAV1TM
j0RNzPU_yCg
TTt5jLO_X2c
cAgl_6a76fY
70YT_88_t7Q
rHtEdVjDuzU
KXIFTcHZzgU
gqLmxlTXU64
EpSMtJmZ28M
jZcVli4sde4
4p_Uihxhjys
1pzqaZN3doE
GivY6W4VBxY
j57BZrvKtog
eDDmstlwW24
umjqiH_MZKE
VXp_BlhSbjc
j0ffyhYQcM8
M1WwelWfWHQ
J4IkhD6Eark
z5toF7ZLPsY
K-WZrwe4SN0
7gxHJtyeZpA
J_fEQLEgvlY
12VWE7xQuQQ
qiTGW6N_gNM
ElPiRfIXXOg
VdGS6I09l_8
p58TcFAlD_Y
7P37xEKbLrQ
rV7ZH0b22Nk
Db-uq08ydI4
1QjBTvGmGVY
1An41lDIJ6Q
dd39herpgXA
I6EHQIQ_StU
ey9J7w98wlI
MDwhMMSFkJ8
-QrPW-i44_M
3CoutFs_vLM
5mg-xwG0d_Y
ByBF08H-wDA
JWO2zjcJqvQ
DAXcwa_HooQ
A4LXLOy7_ts
tnxru4re8N8
Nt5ECvb-CP0
wgUHStJkQuA
bTiep5Pb208
HSwFTK1ToaI
baRj0O4cqgI
s5_MyfIIjxc
uUkEmP1gmEU
MAY9P2PCu-c
7duhBOM-J78
CZ6rlxfdHBQ
SrpUSIPxgqk
Ikgf9nZKZgk
93V0rQ6L0iQ
UfGDEXV2F60
6HagQNmWqok
N-e4qGIbA7g
VSPau3HJ3SI
L4d4MGZaU5k
pI7eN_Mpy64
YxP2cUNkvSw
qFt8t9qZTm0
GazqCSHqxuw
d8HGtQYOD9Y
NzoFYJTLaOU
uPs041J9pnY
SyJ7b0LUVyA
YMUV3i7dl4U
l0_YOXuUv3o
PQ6lishRYH4
tzMY6--nlvs
iaiXZG4YJb8
sggxeMvgpS0
4gB2vlrO-SA
DP_qVxVD3uQ
KN7eBXl1jeE
tKW5RX1T_mU
1_tl2zBS0j4
JOpvhgy0i6o
MJelc0iYv5g
yLlMKzmlF28
DlGCaTuyvmk
ywLVTGfu-sM
AKwr1WaWumw
_XwMUpA5K30
miL-qUw3S9U
7WRsz_CAP5M
4itJOgIKbU4
ZuXCMpVR24I
v1NChOOfV8k
oOc_3cZjH1I
U-bZKKFcpww
Il1AuDk1nZw
tAiVUt5vE34
X_PbYjFCXjw
IVRIMGqqp2g
Bw0offlncsE
jKPvpVBECQ4
U_P3QhqG31s
dpcAENP603k
1P18VziL9Gk
3DMhSnlf3Oo
_s-CWZ3Jmg0
sufIFTMT-tU
_C3mZiyc3-s
2zS9cNCHzd4
3Wt0KCsx8jI
vT8tla1OKSo
wzWno2uh6fQ
4mAa-hXNV5Q
MisoxQQuHGg
wOSARSqqksk
Otks9WevdYg
BkYEfncGw40
_vtqcgD7nks
BgeTUU5SCJk
MOkShC6Mfdo
3DtKU35khmo
zpZrTzc9Yek
wllmx36M2uI
KpwPf42QGbI
X76mt1s2Vl4
J0Q4L68o3xE
ZqifpNC_oAs
QJ6S0dWkQjY
0B6A8rQiTlc
H9R0Hp81MOE
sZEvu8vgAy8
AteCs2zjmow
mKCVjnlgOEQ
Sdntwm_Q1Zo
GDUbLW9qClA
eWsbggozZS4
Blhh7qtgl-8
ZAQwr9aJoSg
ubDSY_1A8Ug
HFYwLMqm9oA
wX28jghQv7o
8ESEI0bqrJ4
o7JEBWV4CmY
EVCsSf-OrNI
7dLGdZOWYOE
cWY79qh7uMQ
7LeXXT-I19Q
uQvHKo9gtEs
1WfjmkXkwQw
hGbuGQgrp6I
hZBRLw6PokM
IsQ7LWDUY9o
edEidt8W3Yg
q0NXtY4N4Lo
SBBLe89At6k
oIP1s8E5mF0
cvHmTfMbM8U