4SvPjNlF01E
skKh5wyzlR0
J2PYwi8fy-M
k4F0U2pFpzM
WamDGlFeITE
PbboDe6LKpA
H3H2yM3se2U
bX95LotTxIc
d11OlJ8s8W0
NyoGIdJOatE
Xdi39XypbLM
WHMD6IWOKWA
z_y8cn6bSPE
8DfJ8Gab5ss
Ag-cpNluY5g
I-43DzvhxX8
Jwl6W9NO4a8
qk9xX1xPbr4
qXKK5EqQaEk
XRgAsjKnRKw
MYmMZxmSc1U
3LHzz9mOv-Q
S9w8HIDshPY
C1fK650VlbU
9MaPyH0Iq_s
yyweeKJgIcQ
3G-jjFJcmM4
MWMziwEXxvc
y87iv7y6uoQ
4hb9gnKnyCs
w_gwcBffGm0
wpZQAgeaXOo
znFV2xkFryI
HaCPhXb4C9o
6IXgAmerkTA
rAOU2gl4kY8
0vg5Cfclff0
Yyr_hgw7nWA
xRH8tSDeW5Y
GR60RiycSW8
l-Ve9Vwj3gw
Ho_9b4TZ4mY
uS_PZHidou4
ikkXVRhmXsg
KFBk21Mb8G4
tl2IIIQCdbQ
OQQi0DPZAwM
z_PJ6PXI-A4
YZR56hAPnbM
IHKStNPCy3M
CXLfvK0KXgQ
0suxwissusc
n0PvJiIn6kM
nMm2N4XwEKA
dKXcVq61y8Q
rN83eeGTRy4
-dByD-uiW-M
hnD5P_eDTWI
Gq4Y4gL3zSg
eVllqiMUH3U
tmO6N6TBXoE
RGzcsBqIbPk
nZJGt3ZVg3g
8JwsTjoA0UI
CCPB8aG41OI
I-J0BIO4hHE
JEbPgn3clPk
i-JgZ3dRxUM
7Pa33AYjvlI
N3TS8nu0wb0
yWnsKW7mQf8
5g8UsTKizbM
KvSsYaoSJGI
mUmneTwv8YU
ZVc4WU2xCXk
YdttoM3jJIY
mHC_numQNKc
q9i1neIo2pc
1orBujATQSc
zVFxyBgTLig
pN8V6Sj2v1E
SgMWGmIe3lE
RHhWHAZaCS0
BbPeMSr4DNU
YZ91u4s8VrA
m4KnpIUjHJ4
RtdZJtLAcSQ
UsYtt2zjq5Q
ytzNJ0UmaSQ
3G3atDjt6YI
vLXJpEux3ZQ
Uy5LTocHmoA
DkjlrTE5lD8
5grobANTyX8
dFq9wbrV-v0
E2jWVn7MgvA
ovjZ1-11x74
RtrL1aWkJg4
neef_gJdaYk
4krs7z2bjlE
r_uAkMkSsRo
Su_b25Y5NUs
ffsznHClegw
Bvu9m__ZX60
iHi64dMEsPc
KuCYGSYh5AE
4-VI6wHytIk
wm61oYLRlYE
f9YTQZE8Ve0
UpFZ2YaKeqM
Q2iVM-go4_g
iMHBCQYyxTY
Hz4VMAUswbQ
fNVoFSg4LDQ
AkrX8q82IAo
-8EUHRbTIg8
JDdn2qp-a_Y
bgS2S_kPUts
VorNgfwPrek
v5f-G9Uu5dE
FXAJcUvUI8k
3xPNuCtNx-s
U_E5xJaBgV4
IR4uPJm7X8A
CRqP3VFrars
ZoSJptgd6Eo
Y5RRrc9cs4E
bwP1NkqJnKU
RSYbTSTz91g
OB_YQZZvX-I
8vIsfkzDY0Q
v-Y1kmv3zeI
0mcohdpEMd0
pVBTPHjNunw
JQtBu7eNKew
uPRSAz0nPyY
yk3Sd21RHPE
R0heS5c1VIY
ZBXiIs_4H6M
cfQArtJ0PAM
prqDTwrZqyk
fBqz3SYDb2s
el7kwS4yzBw
k3hCZhswS1Y
vwwDwLVXTLI
WgqL4W1sM-4
mCev-M_-3tU
MFVmxoXgeNQ
Pyk2cjuEDGc
3X758yC-ouE
5d9XEfAM0yE
5M8qir0gNIA
i-OFj3B0Yms
awOK5ayCJao
wTUuzWCHAk0
aFf3lDOAp6Y
O51dYZERhkE
itrGvpJBJHU
CdZ68Xzz9CU
Ci2Xmro56Lw
aVu_bZFLtCc
1LM84FSzW0g
n9JX1gUnJg4
ANDEUDt7FLw
_NHK8xO__BQ
3n0JIuX9fZA
Ra9FqlaaeK8
bGnivk-jepU
VtmAz4in8Wo
CW9NulhMq_Y
VIxEHF1_SJM
iWpuOrmm2Zo
TaZui8Qckm4
-3OY-UFP2O4
I2V_12oQuQo
f6T9m9eKMpg
dBM3eM9HOoA
9rfuCjVU1jk
50jWYPiXyz4
WJ1djRwaX18
AU3Z8jz5ZBg
y-wMxQ9X3uw
vjSKxFfjg8c
ZVWcmGnfCtk
OEapffs2lq0
SU-WjRF-_aU
V2ZynThdr90
JfwwWCUzes4
1T25AgTIF9w
DdQzV2kKzf4
vjm4_QuByQY
iGuCpdwkMvM
g4fQ5iOVzsI
RrGhiInqXhc
LSeJeKHsUkw
SG2VLfHU-BQ
ynZjPq4lc0w
jtVAPRq3wgk
1j99sWYkBCQ
7Q0_uzArNaU
tAyThCWKc50
THx57-W33NU
LThm7VYvwxY
aGjZtESesOI
IRG9Z7Y2uS4
WPXNB-P4erk
eM0ggaX5hUo
6hn-iB87Mvk
pQ2q6tQyHXc
74ZiZ1iGG4k
u7nXXtYaRro
uqcOZw0cSe8
22kR2g5KWYA
SZYXQ-6bfiQ
GiGoLFs4q7U
ht6-XcZV1IU
p0HamWCVrFI
qRBDAwgpLs0
56auoHZucuk
0WJzAxVDi_8
rXRLQSiFk2s
WZk76BqQsyI
dMYhXvXvQNI
Z1iDA--IZM4
1IGLtJjDliI
KayHKHkYMro
uayp7VRoL3Y
dpfkpZzZvqw
Nxe80smr9xM
2w2OJqy1igY
QaL8YLg_JGI
SJIbpqgYWGw
y1siIqv58Yw
uuuONKRUn_c
m492YyGMNyQ
NlVipwFzI7I
vzjSs4eNdjg
KYqp3UjczeA
MMbKWxiDTxQ
rrFwyHP3n28
jnopGSHnOXc
2HilMYC02eE
DWphTwyz7-Q
ch1UGNF-8qA
O3NLaKxgOIg
aNMEY_wK_O4
Fps2ato1-p4
HnUVz0J2CoE
69Aw5PC1h4Y
DhC780htXOc
Xn3cKBWeMqY
UQ2K1W-izdM
NzfE5EllJcY
Utz08swAf88
GPmKQ0wVGfk
JptTJ2Ow5GE
HwZ1kOGiCZU
RI3_GG8QA8U
knOkKqZm6I4
mkaBzkslLdU
bKV1IS-ATmQ
fJfHio68IrU
f7UJ9FwlX-8
GcKeKmHi--A
OGn20SNUUmU
xke70IUuoLE
oxNOKsLrGC0
Ayh2JIEMPcM
0cfJOmUaNNI
hLl1uHlPYKs
zKlAFc39qFs
6JTKEOAWLyQ
po5rZ0EzSeE
E2h4a4pLC4A
5K3JaGCrDtg
7HT7AS3UmFI
luMEfbJInw0
e6ZSBe_Zrjg
CHOelflV6A8
0_FbaigWRaM
sb37cgYc8zY
DjYIyLX-aSk
m9AcUM0ZaL4
nwEQ3oqmwgA
pedNfNtzaVw
fWcDkbETJTU