7UNVSS9ZidM
lBKtOdmFtnI
VRoVjpa3Scg
1wlq-A6rDqQ
9fzOqxzLfd8
LrRh2IJUoZg
ZZJ0IEI8N80
T1z5q3iTtwo
qrMkehSkblk
EFNxuXvqQYA
bBSs8gk_srE
jXZr8aoD3vA
5REgF4xuAmY
wgJo8VhVq_o
wGzsTmM6Les
MhEi91b6ako
WV4m9MRFP5o
Gleb5jsH3_A
RbgxpagCY_c
fUSnjhWRZ8U
AZb-6EYDIVs
UTgWLbuCWDo
7nyEhYNnBXg
vUtEW6OTQLw
7jiN9hsm-kQ
k8gpZL3RZ3A
HcIJK8y6jRY
DO6_Rp_ZDCw
J6yMf10p2U8
ttUD_ffjJhk
jrvzuQmr5to
RSn20tJsvZQ
tqKpROvrBv4
pHb0IPApb5s
gz0rSiJZ2wQ
dQZn3cqvJes
rLDPDjx0Ll8
su06lbP1A2U
mOAFJQbBBaA
SnRBZqRQfW8
66aDKj34l04
nd9n8WBWaC4
LKWosiUUORs
A9n67yCpkx4
QGprj-a71qs
wbxEZtjx1lg
dS7Ffvs2Evg
wgux5WTgDV8
4OI0NyIoGyw
KsxY0QCC5vk
IuN5joAWuqk
yRbCNU7CsCM
Oue_XEKHq3g
Eojj8gAvebU
i3tnNk_jnAw
Vh7S4HvULN0
fLY8BgzLvFo
oL9MH1Q5Cgg
MgLX0EXju30
Di3FaSDxSRA
qqj5g-kjyl0
DJr4GJV6L1Y
dySedWOZ9CE
DowG7clEJuA
vyQzp8V9Q50
PJFOnPTH_Qk
rzJDcwiwDUA
z15HgMkRuVU
HqOhvoxC7Po
c_XLrDQeSKI
yclnEUMUcB4
Gotc4Ios1l0
PBxUJk7evkc
Jsj9obKqpAo
QcnSIlhyRww
dlS3vQEBkYU
52NNTlLpNMM
J5u-r9KzQZ0
2Nze37OTkN8
JjOCViuhKwo
qD-shAzTFsU
MgbRXF5DCFw
-oytwMeyR74
S-B2wwTKE8I
jmomkRqT7oQ
J3n8j07skhM
gkcVbhfvnGI
tm_cPcKcByE
-076WPWoCRE
hiFt8CnzWmc
kXqj4APQnqo
B7el-TvTuBI
jMz0QkOKaGw
GxWXGAwSRLA
fFsL5Q3hbwU
mn3ZaG_i6y8
W0tEjOPwFjM
TuU7yOyECMY
GCydJe2p0zs
sKqwSHAZgGY
eu0hu1VTZBc
bvc6v-zj1-o
l0qDAG7jGfg
YB43_nwD9bE
-tOdJzOzkHA
S-wfIX4PVHM
T76pw0b33pw
I0adP8isw8k
ZUim66V_nko
Lk7JHCLlQdQ
JXbGskXdAVc
CuGCyjT12HM
4H0sn7S7y4A
VY0W4RTvoBY
n524y8uPUaU
WMZAENL9oFw
FuU0gphmHYQ
IwOIvqmxe7M
Jx8aWIt5oGM
9yzuI5W2EzA
z3XCx5uyVOI
CREpRoomofw
MiaETmJ7atc
xspTbjeOJuU
cWjGQtbyYFE
PCZ0CV0rUGA
maEpS6M4GWo
lYucM0BW-lo
1k8kQlJ8XH0
q3rNT2B2fQg
1C-iG9NXen0
yCgqt_wo0B4
Er6BDsQ9VCg
2VP929E1o2E
SwdEAhjvXcA
00Eu5i2mTbw
zwxXC7gLTEY
HNQMF7e6IL0
sGpdM03_NPk
3xImP9r-G7Q
a_C-Wa4gNHA
s2Nevqi09W0
9FK9qU7ccCY
PVWgZKtOMjY
omAGGMW7JFE
mekadE8PLgk
cktjeMD2tiE
UJM3krUkz1o
JpbIfHvgF_o
5X0q6wmUwyw
8CJcfZtbZ2U
T1fiWBf6HCw
kFYHteKyvkU
Y552m_F8Xbg
O1tbUAHVvTU
v4lbwuoHnjM
S4v9RZyyC3g
RYiTVMb_UHg
wgMmUpldVbE
jrvEjtkpIPM
gq9VRNUqI4k
CIoepCR9NSU
mNrrRIFRlJA
Z1SDVMmWeqA
aofRlMo7v70
PEut3w_CMfg
UPlkR2E_EZk
WPUaB4G77S8
duJxAVJzQ4g
BgU98DTN6QY
eBlLt8MOHXM
FqaKhYKEI-A
I4Imhb_UqgI
0d8eQVPYjNM
769sl6upNEY
LDBWBUVZsCI
V3zp7XOGBhs
gSueCRQO_5g
2EaicpJ0vYk
arEX6Uo-0cc
CYiKu-303ho
1hNl3SYJDAc
lVRTR0nfKvw
99qPM4i1GnE
_bQA6ODNAS0
tw37UW5VGfg
qJO0RSk4htI
wH6f1T9kcYo
_65lEmHZ3hQ
SIjrs7oxJr0
TWsixmdzsnI
NdE7uYVaynQ
WbU3_lRa4s8
eqmjLZGZ36k
jjFB8jUvEno
7muYPid24Ps
vND8HNXyvIo
687gkvLi5kI
tVSATje07as
NNhN2Y6ZVkQ
d--5uWUXhPM
wmViONWyGSA
gsWoN6uGM9c
0DhWUtlWcA0
aKRMhMOHs8I
GnEWtqSidOc
t3OgV0njs9Y
f6njWBlFK3I
fRMTS_8pJv4
sTW91HRsybM
DvKgcBbvGa0
ifurLY3mRF4
yEmnMCi8y5w
FFmvv8HUYPw
4gCK4G5zcLw
BIrH5_kvgLc
fGaRV_0xl-c
3ghcG_16S7c
vq8tdZUrZ30
rWDik0AmfIo
h5eb7vQhRhI
p2HQGFwtLeI
5jNAMtcSLhQ
9O4psN_VXNU
PgR_YjhMNno
OQ6vT4VNLUM
j7D4hMz_KSI
r6pD8uxgejo
0zcuZ-Rmgi4
Tg_p387BYuI
FXZP8850kh4
YpoXMebAYgE
f5YQ1lA3kQI
HlFrYtllnkU
2hnHhMPJoiw
Vyn4x0Gbn_0
b1KhtJdiPkk
9OJDmis_dM8
q65zGO7s3rM
tN-CkuM6jYs
uRtzWu5pfpQ
e0gbKSHtH24
aieThfuvmtY
v7i0ygM7w30
NUIpYejiDt8
CFft3TUgqEI
pXdcvLy1vVY
jL39PuZmfPk
HUZTBwuu7eY
nOoWRhp9ZiA
3ja2teDnx_I
QpDblC4VoDA
riccApGhD_Q
gwFhKBOJCEw
WQvHH-u9W5w
I13wYBLY0Ko
Nv_K2XR2ZBs
2d7-VONA2C8
xjgPW877Ho8
C7_O5BZz0Eo
pSZ1V4NkJJc
5h95uTtPeck
ueQGC4JmvxQ
X5MFkY0Nz3Q
IywSTYwIUHE
9UOpRjrFPIg
wv7OxouKZsc
KTH6N2n0exc
AOOeEwKy5KE
q1zQOA-SslE
N6UH-jzU5Hw
PB0H3rSBMD8
fP6KTL28GD0
QP7aBPbCO5g
tmZeR3hiGQM
qZkGmCidn50
-3GumCmyAIk
v7NQ-MI0G7Q
qliVdl8NQVQ
z_RHMC7qAJM
p0dKfplTYZg
9Ab9TWtqCv4
jfy1J6exPXs
6BJorrGulVs
CRIg8Dqu804
eXkcfLt2LXc
2d-3lo5BVVY