-076WPWoCRE
-3GumCmyAIk
-3OY-UFP2O4
-8EUHRbTIg8
-PDrGXHLpKM
-QrPW-i44_M
-SbZ4_ir148
-d7xDSENKu8
-dByD-uiW-M
-fZl02cVTBg
-oytwMeyR74
-sbx3uVDRTY
-tOdJzOzkHA
00Eu5i2mTbw
03UPyfDYf4g
0B6A8rQiTlc
0DhWUtlWcA0
0HUUucT-47Y
0TkrHIY0Qpk
0WJzAxVDi_8
0Zgz2TVXJos
0_FbaigWRaM
0cfJOmUaNNI
0d8eQVPYjNM
0febG_1e-fY
0mcohdpEMd0
0rEhVAOO7EQ
0suxwissusc
0vg5Cfclff0
0wKRdpFd8Wo
0zcuZ-Rmgi4
12LtBnEBhNA
12VWE7xQuQQ
16dhZkQvzc4
19s6r7e1FuE
1An41lDIJ6Q
1C-iG9NXen0
1CH-d4ER61U
1D7rcZ0vwVc
1GR15BdheLM
1IGLtJjDliI
1LM84FSzW0g
1P18VziL9Gk
1QjBTvGmGVY
1T25AgTIF9w
1WfjmkXkwQw
1_tl2zBS0j4
1cr_tcBus14
1hNl3SYJDAc
1j99sWYkBCQ
1k8kQlJ8XH0
1orBujATQSc
1po3ma5YHFs
1pzqaZN3doE
1wlq-A6rDqQ
1zt87XCWlWs
22kR2g5KWYA
2A1vnPbgFPo
2EaicpJ0vYk
2HilMYC02eE
2Nze37OTkN8
2VP929E1o2E
2VlBZuzLrnU
2YTzoWLAzA4
2d-3lo5BVVY
2d7-VONA2C8
2hnHhMPJoiw
2w2OJqy1igY
2wthcGQyEf4
2zS9cNCHzd4
30M7rreJ2zM
30vx8_N9Pmc
359qEKqEMxw
3CoutFs_vLM
3DMhSnlf3Oo
3DtKU35khmo
3G-jjFJcmM4
3G3atDjt6YI
3LHzz9mOv-Q
3Wt0KCsx8jI
3X758yC-ouE
3ghcG_16S7c
3ja2teDnx_I
3n0JIuX9fZA
3xImP9r-G7Q
3xPNuCtNx-s
4-VI6wHytIk
4BZX_h5Dohk
4EAmFGIf6Bg
4EgRaySMjJQ
4GlgdBAV1TM
4H0sn7S7y4A
4LkMYkTJ8jw
4LlfpNyZ0z4
4OI0NyIoGyw
4OjImrdr1ZU
4QDHvxUkzxE
4SilhsTuDU0
4SvPjNlF01E
4fxKBGthpaw
4gB2vlrO-SA
4gCK4G5zcLw
4hb9gnKnyCs
4itJOgIKbU4
4krs7z2bjlE
4mAa-hXNV5Q
4p_Uihxhjys
4pdZ5OpMAjQ
4rcoX9lon34
4vMiWz7gt_0
50jWYPiXyz4
52NNTlLpNMM
56auoHZucuk
5G7dCiq1owE
5K3JaGCrDtg
5M8qir0gNIA
5OLOsYRhNEM
5OcAVscXQJE
5REgF4xuAmY
5X0q6wmUwyw
5d9XEfAM0yE
5g6NIa-ZTxg
5g8UsTKizbM
5grobANTyX8
5h95uTtPeck
5haruMX5-PQ
5jNAMtcSLhQ
5mg-xwG0d_Y
604yJY6pHgs
66aDKj34l04
687gkvLi5kI
69Aw5PC1h4Y
6BJorrGulVs
6HagQNmWqok
6IXgAmerkTA
6JTKEOAWLyQ
6NXhraaPkg0
6QUCaLvQ_3I
6VPtrPlRWE4
6hn-iB87Mvk
6nHewn2LrV0
6t50Md7CICM
6uYRW0FgZpo
700Gkaf1ZXA
70YT_88_t7Q
719-xjyMtPk
72f3ayGhMEA
74ZiZ1iGG4k
769sl6upNEY
78wfVeTDbLg
7CayA9TOa7M
7H4TcuThyX8
7HT7AS3UmFI
7LeXXT-I19Q
7P37xEKbLrQ
7Pa33AYjvlI
7Q0_uzArNaU
7UNVSS9ZidM
7WRsz_CAP5M
7aY4qUF0DIo
7dLGdZOWYOE
7duhBOM-J78
7gxHJtyeZpA
7jiN9hsm-kQ
7muYPid24Ps
7nafZL0NXlA
7nyEhYNnBXg
7nyl46ZM8zQ
81YGLW_Z8Ms
866j-XIZmjg
89eg3nExUI4
8CJcfZtbZ2U
8DfJ8Gab5ss
8ESEI0bqrJ4
8JwsTjoA0UI
8feS1rNYEbg
8vIsfkzDY0Q
93V0rQ6L0iQ
97pAdzsZSqo
99qPM4i1GnE
9Ab9TWtqCv4
9FK9qU7ccCY
9L5G0a0GfDw
9MaPyH0Iq_s
9O4psN_VXNU
9OJDmis_dM8
9SNt5luwwsU
9UOpRjrFPIg
9X2wM6HD_og
9fzOqxzLfd8
9rfuCjVU1jk
9yzuI5W2EzA
A4LXLOy7_ts
A551Ax3BGcw
A9n67yCpkx4
AI1kS5hz5gM
AKwr1WaWumw
ANDEUDt7FLw
ANiYqjx9r3U
AOA3QUQcLwI
AOOeEwKy5KE
AOoAXwJ-DG0
ATV2p-qxV7o
ATsKN7HVbUg
AU3Z8jz5ZBg
AZb-6EYDIVs
Ag-cpNluY5g
AkrX8q82IAo
Am2ihQfZLm8
AteCs2zjmow
Ayh2JIEMPcM
B7el-TvTuBI
B83aBccMDEQ
BAgStSY6mIo
BIrH5_kvgLc
BWkDK1hhoz0
BbKFi2u0yYQ
BbPeMSr4DNU
Bbd_e5g5SKw
Bd3abG_YQJY
BgU98DTN6QY
BgeTUU5SCJk
BkYEfncGw40
Blhh7qtgl-8
BocUY7ALy7w
BuuVgZZM878
Bvu9m__ZX60
Bw0offlncsE
ByBF08H-wDA
C1fK650VlbU
C7_O5BZz0Eo
CCPB8aG41OI
CEA_q7cKgMI
CFft3TUgqEI
CGB2ZoVDiQk
CHOelflV6A8
CIoepCR9NSU
CREpRoomofw
CRIg8Dqu804
CRqP3VFrars
CW9NulhMq_Y
CXLfvK0KXgQ
CYiKu-303ho
CZ6rlxfdHBQ
Cc2ZRk2aLFw
CdZ68Xzz9CU
Ch4uTD4FVlk
Ci2Xmro56Lw
CuGCyjT12HM
CzU3_kSlKAs
DAXcwa_HooQ
DJr4GJV6L1Y
DO6_Rp_ZDCw
DOxDUF41lrY
DP_qVxVD3uQ
DQHOZC7ZiD8
DWphTwyz7-Q
Db-uq08ydI4
DdQzV2kKzf4
DhC780htXOc
Di3FaSDxSRA
DjYIyLX-aSk
DkjlrTE5lD8
DlGCaTuyvmk
DowG7clEJuA
Dq8BO3ugeGE
DvKgcBbvGa0
DvbR51WJFHA
DwF_sNb2tsE
E1fkU0g4wk0
E2h4a4pLC4A
E2jWVn7MgvA
E799pQJv1Mk
E8WpGZxPlFE
EFNxuXvqQYA
ERrPTlyetO4
EVCsSf-OrNI
EZWtzaTHtXk
Eg_SGvYgNp0
ElPiRfIXXOg
Eojj8gAvebU
EpSMtJmZ28M
Er6BDsQ9VCg
FAeSKakzkGk
FFmvv8HUYPw
FXAJcUvUI8k
FXZP8850kh4
FXrymP-Xr1g
Fn__BrVR86E
Fps2ato1-p4
FqaKhYKEI-A
FuU0gphmHYQ
G8pABGosD38
GCydJe2p0zs
GDUbLW9qClA
GPmKQ0wVGfk
GR60RiycSW8
GYDzBrihZ4g
GazqCSHqxuw
GcKeKmHi--A
GcZn8iDNyn4
GiGoLFs4q7U
GivY6W4VBxY
Gleb5jsH3_A
GnEWtqSidOc
Gotc4Ios1l0
Gq4Y4gL3zSg
GxWXGAwSRLA
GyiujGdjdq4
H0Bk-XECT4o
H1QOF1WieSk
H3H2yM3se2U
H9R0Hp81MOE
H9dyr9OXNaM
HBEKcPJPTIM
HFYwLMqm9oA
HNQMF7e6IL0
HQ8HIh4TiLs
HSwFTK1ToaI
HUIwQlw5_XA
HUZTBwuu7eY
HZYperUFw_g
HaCPhXb4C9o
HcIJK8y6jRY
Hl6R75H0LRE
HlFrYtllnkU
HnUVz0J2CoE
Ho_9b4TZ4mY
HqOhvoxC7Po
HwZ1kOGiCZU
HxHIYhThBFQ
HyrylinoxqI
Hz4VMAUswbQ
I-43DzvhxX8
I-J0BIO4hHE
I0adP8isw8k
I13wYBLY0Ko
I2V_12oQuQo
I4Imhb_UqgI
I6EHQIQ_StU
IDRG2CJIAbM
IFvXPXgSKjE
IHKStNPCy3M
IQ7y1GrbrXc
IQAgJ_farVk
IR4uPJm7X8A
IRF43yEkFOM
IRG9Z7Y2uS4
IVRIMGqqp2g
Ikgf9nZKZgk
Il1AuDk1nZw
IsQ7LWDUY9o
IuN5joAWuqk
IwOIvqmxe7M
IywSTYwIUHE
J0Q4L68o3xE
J0dADXOu560
J2PYwi8fy-M
J3n8j07skhM
J4IkhD6Eark
J5u-r9KzQZ0
J6yMf10p2U8
JA7uN2ygPfk
JBrp8aG4lro
JDAnDzXAVDs
JDdn2qp-a_Y
JEbPgn3clPk
JG7Z7cQm4a8
JJ-r49OXaPU
JOpvhgy0i6o
JQtBu7eNKew
JVKiuDDzKLw
JWO2zjcJqvQ
JXbGskXdAVc
J_fEQLEgvlY
JbGlLbNYBy8
JfwwWCUzes4
JjOCViuhKwo
JpbIfHvgF_o
JptTJ2Ow5GE
JqGA3ldiXNo
Jsj9obKqpAo
Jwl6W9NO4a8
Jx8aWIt5oGM
K-WZrwe4SN0
K5wRFDk2H7o
KFBk21Mb8G4
KGpAJAwRqgA
KN7eBXl1jeE
KOxPkbOUzV0
KTH6N2n0exc
KVAFzxDuEPE
KXIFTcHZzgU
KYqp3UjczeA
KZEZPlrFMSg
KayHKHkYMro
KbUrk86xsxw
Kh6TcYN-M18
Kj-RSMFFEZ0
KkPkXrbjf4g
Ko9pZC8u5v8
KowG8Iur63M
KpwPf42QGbI
KsxY0QCC5vk
KuCYGSYh5AE
KvSsYaoSJGI
L4d4MGZaU5k
LBUr14xs9k4
LDBWBUVZsCI
LKWosiUUORs
LOnuIU35C-w
LSeJeKHsUkw
LThm7VYvwxY
Lk7JHCLlQdQ
LrRh2IJUoZg
M0b_7poS6Jo
M1WwelWfWHQ
M6C6yWylLc8
M9eBQZhHD8k
MAY9P2PCu-c
MDwhMMSFkJ8
MFVmxoXgeNQ
MJelc0iYv5g
MMJEW0bWdVE
MMbKWxiDTxQ
MNMDORuh5A4
MOkShC6Mfdo
MSIyd-HKDps
MWMziwEXxvc
MYmMZxmSc1U
MZ7dKdTHbqY
MezeLUxexP0
MgLX0EXju30
MgbRXF5DCFw
MhEi91b6ako
MiaETmJ7atc
MisoxQQuHGg
MjehJ4T_LKI
MlDnShLtcks
MlZxhAy17_c
MzcdEI-tSUc
N-e4qGIbA7g
N3TS8nu0wb0
N6UH-jzU5Hw
NJzzEEG6FZc
NL9NRyKo5KA
NNhN2Y6ZVkQ
NPIXL3aas-8
NUIpYejiDt8
NdE7uYVaynQ
Ngj6C_RMK1g
NjKxKIaS23Q
NlVipwFzI7I
Nt5ECvb-CP0
Nu3Aub9ifes
Nv_K2XR2ZBs
Nxe80smr9xM
NyoGIdJOatE
NzfE5EllJcY
NzoFYJTLaOU
O1tbUAHVvTU
O3NLaKxgOIg
O51dYZERhkE
OB_YQZZvX-I
OEapffs2lq0
OGn20SNUUmU
OLZg3uE2-A4
OMLgliKYqaI
ONwWgyOc7Ok
OQ6vT4VNLUM
OQQi0DPZAwM
OU2mkLmW5BQ
OWN_J9FGZ5I
OZOaN_5ymrc
Oak26yVbibQ
ObgKGPWQQNY
OdpM9Mp0Akc
OfMFVMG3LXA
Oh0yA3yHrDQ
Om7kIxFL7hs
Otks9WevdYg
Oue_XEKHq3g
OwjOpt2FCFw
P1d1jf7dQ9o
P1hnjRkXrLc
P4KyjvsceZQ
P9iH8NvaUXw
PB0H3rSBMD8
PBxUJk7evkc
PCZ0CV0rUGA
PCcgw10fEh8
PEut3w_CMfg
PJFOnPTH_Qk
PPxqM7oR1Kk
PQ6lishRYH4
PT4sml5gXY4
PVWgZKtOMjY
PbboDe6LKpA
PgR_YjhMNno
PuekW6d_0yE
PugDAc7Uc0U
Pyk2cjuEDGc
Q2iVM-go4_g
Q3dST2li9Wg
QGWcgAN4nJo
QGprj-a71qs
QJ6S0dWkQjY
QP7aBPbCO5g
QQTlq72pqSA
QTFZSp-_o1w
QVgYAUdTIRI
QaL8YLg_JGI
QcnSIlhyRww
QjRxtDXGyV8
QpDblC4VoDA
QzdtNdF9yVc
R0heS5c1VIY
RGzcsBqIbPk
RHhWHAZaCS0
RI3_GG8QA8U
RQp1HbiEiSI
RSYbTSTz91g
RSn20tJsvZQ
RWc3Xyh_pp4
RYiTVMb_UHg
R_WkH_uOq1Y
Ra9FqlaaeK8
RbgxpagCY_c
RrGhiInqXhc
RsE-uLbCykQ
RtdZJtLAcSQ
RtrL1aWkJg4
S-B2wwTKE8I
S-wfIX4PVHM
S2LPdiqOVEk
S4hzEknI1WA
S4v9RZyyC3g
S9w8HIDshPY
SBBLe89At6k
SF4AJHX4BFo
SFLcGnB0bA0
SG2VLfHU-BQ
SHHkElE3TTY
SIjrs7oxJr0
SJIbpqgYWGw
SMBo1ZlUOmY
SPyK1Gt_Swg
SQg3kC22LfY
SU-WjRF-_aU
SZYXQ-6bfiQ
S_PtnU8gEDs
SdGCX2H-_Uk
Sdntwm_Q1Zo
SeLJChGJ7iM
SgMWGmIe3lE
SlFajAz3Cx4
SlswEPy8cjk
SnRBZqRQfW8
SrcDwd65pXc
SrpUSIPxgqk
Su_b25Y5NUs
SwdEAhjvXcA
SyJ7b0LUVyA
T1fiWBf6HCw
T1z5q3iTtwo
T76pw0b33pw
TCUsegqBZ_M
THx57-W33NU
TTt5jLO_X2c
TWsixmdzsnI
TaZui8Qckm4
Tg_p387BYuI
TsXogrnKQIU
TuU7yOyECMY
U-bZKKFcpww
U2LL2RXleiM
U6HbUoVdsNQ
U6zmphY-iHw
UJM3krUkz1o
UPlkR2E_EZk
UQ2K1W-izdM
UTgWLbuCWDo
UTzdbkqmFI0
U_E5xJaBgV4
U_P3QhqG31s
UdFAoK7E0io
UfGDEXV2F60
UgsOaTBIjMo
Up3N5pL04ho
UpFZ2YaKeqM
UsYtt2zjq5Q
Utz08swAf88
Uy5LTocHmoA
V2ZynThdr90
V3zp7XOGBhs
VBgNSpGUJDM
VIxEHF1_SJM
VMYjcjUdLPs
VRoVjpa3Scg
VSPau3HJ3SI
VSPy1d2AIPs
VXp_BlhSbjc
VY0W4RTvoBY
VdGS6I09l_8
Vh7S4HvULN0
VorNgfwPrek
VtmAz4in8Wo
Vwf07uS-Gfc
Vyn4x0Gbn_0
W0tEjOPwFjM
W5CdMA0vUps
W6P9tti3bhg
WHMD6IWOKWA
WJ1djRwaX18
WMZAENL9oFw
WPUaB4G77S8
WPXNB-P4erk
WQowtvJjCeE
WQvHH-u9W5w
WV4m9MRFP5o
WZk76BqQsyI
WaAmpGDdTDM
WamDGlFeITE
WbU3_lRa4s8
WcJVIHIt774
Wfw4es2hwrw
WgHYCnMtl44
WgqL4W1sM-4
WhB7Id09JuQ
WuSNT1be-n0
WzPJ1MNJBDM
X-PXIjJRkss
X2-c8c553_Y
X3VMZgOA9RQ
X5MFkY0Nz3Q
X76mt1s2Vl4
XKuiBH9PQfY
XQ5trbTO93Q
XRgAsjKnRKw
XSHyjoU5RDc
XUHXxmUJ7LI
XY_LTZ5MxwM
X_PbYjFCXjw
Xdi39XypbLM
Xn3cKBWeMqY
XpQew1uhpbE
XzoOMQCQanU
Y-2vFjG-JyI
Y552m_F8Xbg
Y5RRrc9cs4E
YB43_nwD9bE
YMUV3i7dl4U
YZ91u4s8VrA
YZR56hAPnbM
YdttoM3jJIY
YpoXMebAYgE
YxP2cUNkvSw
Yyr_hgw7nWA
Z1SDVMmWeqA
Z1iDA--IZM4
ZAQwr9aJoSg
ZBXiIs_4H6M
ZJXd67Np16M
ZOqHvzhhb_8
ZUim66V_nko
ZVWcmGnfCtk
ZVc4WU2xCXk
ZVlVcEIo3Ws
ZW0jObNmBWo
ZYlHNBlE6QI
ZZJ0IEI8N80
Zfp2sj4Tzk0
ZoSJptgd6Eo
ZqifpNC_oAs
ZuXCMpVR24I
_65lEmHZ3hQ
_8_Hs2lWo5o
_C3mZiyc3-s
_CmRj4bNFgk
_FQFVGi5OPc
_NHK8xO__BQ
_ONsnpRx4hE
_XwMUpA5K30
_bQA6ODNAS0
_hv80O8orKE
_kg76aCZxoU
_s-CWZ3Jmg0
_vtqcgD7nks
aFf3lDOAp6Y
aGjZtESesOI
aKRMhMOHs8I
aNMEY_wK_O4
aVu_bZFLtCc
a_C-Wa4gNHA
aca25zxviIs
aieThfuvmtY
anedUN60dVQ
aofRlMo7v70
arEX6Uo-0cc
awOK5ayCJao
axt4QlZiiP8
b1KhtJdiPkk
b93KCVhNzkI
bBSs8gk_srE
bCjt8o3migE
bGnivk-jepU
bKV1IS-ATmQ
bNwlRzDBYiw
bO43msZTfwA
bQum-XeMp4A
bTiep5Pb208
bX95LotTxIc
baRj0O4cqgI
bgS2S_kPUts
bvc6v-zj1-o
bwP1NkqJnKU
bxnrry6ufRQ
c4DbdubFuEk
cAgl_6a76fY
cIxqEIJuFok
cWY79qh7uMQ
cWjGQtbyYFE
cZrtEdOIONA
c_XLrDQeSKI
cfQArtJ0PAM
ch1UGNF-8qA
cktjeMD2tiE
csW7DQdft-E
cvHmTfMbM8U
d--5uWUXhPM
d11OlJ8s8W0
d39VDe5SiYU
d7xwsSxV8Os
d8HGtQYOD9Y
dBM3eM9HOoA
dDwlYHRlmn0
dFq9wbrV-v0
dKXcVq61y8Q
dMYhXvXvQNI
dQYRpIGXvYk
dQZn3cqvJes
dQaNzwqCUAA
dS7Ffvs2Evg
dSHa4-xktlI
daZ2ffvJ5CY
dd39herpgXA
dlS3vQEBkYU
dpcAENP603k
dpfkpZzZvqw
duJxAVJzQ4g
dw8FWzSxl7o
dySedWOZ9CE
e0gbKSHtH24
e13IklbYpp0
e4q1j1a44Zs
e6ZSBe_Zrjg
e8DOBptHEpE
eBlLt8MOHXM
eDDmstlwW24
eDW3hUdHG00
eGGFGota5_A
eM0ggaX5hUo
eNRPjcjAsaI
eVllqiMUH3U
eWsbggozZS4
eXkcfLt2LXc
edEidt8W3Yg
eihJpcAQVAE
ek5aFRaRxxE
el7kwS4yzBw
eqmjLZGZ36k
eu0hu1VTZBc
ey9J7w98wlI
f04oxPdEjOw
f4WN5Q9x5JU
f5YQ1lA3kQI
f6T9m9eKMpg
f6njWBlFK3I
f7UJ9FwlX-8
f9YTQZE8Ve0
fBqz3SYDb2s
fFrtCjkSvHI
fFsL5Q3hbwU
fGaRV_0xl-c
fJfHio68IrU
fLY8BgzLvFo
fM1uAG3MdnU
fNVoFSg4LDQ
fP6KTL28GD0
fRMTS_8pJv4
fUSnjhWRZ8U
fWcDkbETJTU
ffsznHClegw
fl-rc2-fb4Y
fwe03itaoeM
g1ruGyRj2BU
g4fQ5iOVzsI
gSueCRQO_5g
gTB1nfK-0Ac
gc-CRmiDRHU
giTHpww2FHo
gkcVbhfvnGI
gkh4yW3WVn0
gkvcRyAmW1M
gnXzPlRdQBg
gq9VRNUqI4k
gqLmxlTXU64
gsWoN6uGM9c
gw5iqwdgWdM
gwFhKBOJCEw
gy4TI-6j5po
gz0rSiJZ2wQ
gz2DSEVaojk
gzUVlpffsbE
h5eb7vQhRhI
h6BNmvrPx2Y
hGbuGQgrp6I
hLY_QGrxekI
hLl1uHlPYKs
hQpA12LhR-k
hR1mNJ11ycU
hZBRLw6PokM
hbJ8jURg1ws
hiFt8CnzWmc
hmLDe6H50tI
hnD5P_eDTWI
hoq-DkykYdQ
ht6-XcZV1IU
huHKiryg5UU
i-JgZ3dRxUM
i-OFj3B0Yms
i1OVkXE-scU
i3tnNk_jnAw
iGuCpdwkMvM
iHi64dMEsPc
iIjjoz1ejaw
iK273cJvPwc
iMHBCQYyxTY
iWOdtR4clKE
iWpuOrmm2Zo
iaiXZG4YJb8
idLVnagjl_s
idZ4FhejY4E
ifurLY3mRF4
ikkXVRhmXsg
itrGvpJBJHU
iuDjDtPjpVc
j0RNzPU_yCg
j0ffyhYQcM8
j57BZrvKtog
j7D4hMz_KSI
j9WvTZ9ysUc
jKPvpVBECQ4
jL39PuZmfPk
jLcOO3V1afI
jLrVY7LV3Lc
jMMcnEHtpDs
jMz0QkOKaGw
jXZr8aoD3vA
jZcVli4sde4
jb5YxiXIsjU
jeE8Vr9dEVg
jfy1J6exPXs
jjFB8jUvEno
jm3dpBaUULI
jmEu_f0ccCM
jmomkRqT7oQ
jnopGSHnOXc
jrvEjtkpIPM
jrvzuQmr5to
js-sWf2lBfc
jtVAPRq3wgk
k3hCZhswS1Y
k4F0U2pFpzM
k8gpZL3RZ3A
kDqR0jLZ8Jk
kFYHteKyvkU
kPssHl1FXTY
kXqj4APQnqo
kZB3KMhqqyI
knOkKqZm6I4
kt70EFCFAGo
ktFMDkRBXrg
kzWozTWdlLY
l-Ve9Vwj3gw
l0_YOXuUv3o
l0qDAG7jGfg
l2bSP81yuEU
lBKtOdmFtnI
lExGTaNEzoM
lLIFe9-4060
lSjtXJf6Blg
lVRTR0nfKvw
lYucM0BW-lo
ldxaKDWb_Kw
luMEfbJInw0
lveuF34ho4M
lx5W2LJ5zS0
m0kXQPIjgbo
m3Z74OVczNU
m492YyGMNyQ
m4KnpIUjHJ4
m9AcUM0ZaL4
mBPqc35yH7I
mCev-M_-3tU
mHC_numQNKc
mKCVjnlgOEQ
mNrrRIFRlJA
mOAFJQbBBaA
mUmneTwv8YU
maEpS6M4GWo
mekadE8PLgk
mhZcVjNdwzE
miL-qUw3S9U
mkaBzkslLdU
ml7_yeHfbP4
mn3ZaG_i6y8
my5DHbLwnLI
n0PvJiIn6kM
n524y8uPUaU
n7N1KAECOUA
n9JX1gUnJg4
nDu57CGqbLM
nMm2N4XwEKA
nOoWRhp9ZiA
nR3j_Mx-0n4
nWxIAVQpv8E
nYqE3jFp-YM
nZJGt3ZVg3g
na769RtwO4s
nd9n8WBWaC4
neef_gJdaYk
nwEQ3oqmwgA
nxzrPf0IsUU
o7JEBWV4CmY
oDxPIPa0wV8
oIP1s8E5mF0
oL9MH1Q5Cgg
oOc_3cZjH1I
oU59dAultNg
oZhDU-SjXzg
ofrIqZrMBCg
omAGGMW7JFE
ovjZ1-11x74
oxNOKsLrGC0
p0HamWCVrFI
p0dKfplTYZg
p2HQGFwtLeI
p58TcFAlD_Y
pA6YEgT1dLY
pHb0IPApb5s
pI7eN_Mpy64
pN8V6Sj2v1E
pQ2q6tQyHXc
pSZ1V4NkJJc
pVBTPHjNunw
pXdcvLy1vVY
pedNfNtzaVw
pjy-lzuZy5I
po5rZ0EzSeE
prqDTwrZqyk
punYlPHdGiw
q0NXtY4N4Lo
q1zQOA-SslE
q3rNT2B2fQg
q65zGO7s3rM
q9i1neIo2pc
qD-shAzTFsU
qE8_sstg78k
qFt8t9qZTm0
qJO0RSk4htI
qRBDAwgpLs0
qRj6ap0ZjGA
qUTNqWWIF0k
qXKK5EqQaEk
qZ7QSckdUJc
qZkGmCidn50
qiTGW6N_gNM
qk9xX1xPbr4
qliVdl8NQVQ
qoyZ_AEnmVs
qqj5g-kjyl0
qrMkehSkblk
r6pD8uxgejo
rAOU2gl4kY8
rHtEdVjDuzU
rIR9Ereztp8
rLDPDjx0Ll8
rN83eeGTRy4
rNyriLZzAqY
rOWx_uYCDZE
rV7ZH0b22Nk
rWDik0AmfIo
rXRLQSiFk2s
rZAQ29_JfaQ
r_uAkMkSsRo
rbRQGsEDwwM
riccApGhD_Q
rrFwyHP3n28
rstIX0rRXpo
rzJDcwiwDUA
s2Nevqi09W0
s5_MyfIIjxc
sDtG_YA7OIs
sGpdM03_NPk
sKqwSHAZgGY
sTW91HRsybM
sZEvu8vgAy8
sb37cgYc8zY
sdpp7DWKenQ
sggxeMvgpS0
sgqUP6Lp2Jc
siGqdp4Wpak
siSeWKXTSeI
skKh5wyzlR0
su06lbP1A2U
sufIFTMT-tU
t0QriZ5kJH0
t3OgV0njs9Y
t7v_EpuwK7c
tAiVUt5vE34
tAyThCWKc50
tBNjQPmE1TQ
tGUkOReZW9s
tKW5RX1T_mU
tN-CkuM6jYs
tVSATje07as
tbAM0g42hSQ
tl2IIIQCdbQ
tmO6N6TBXoE
tmZeR3hiGQM
tm_cPcKcByE
tnLSwSjQY_E
tnxru4re8N8
tqKpROvrBv4
ttUD_ffjJhk
tw37UW5VGfg
tzMY6--nlvs
u7nXXtYaRro
uBp-cC_5me0
uPRSAz0nPyY
uPs041J9pnY
uQvHKo9gtEs
uR3wtc8oknM
uRtzWu5pfpQ
uS_PZHidou4
uUkEmP1gmEU
uayp7VRoL3Y
ubDSY_1A8Ug
ueQGC4JmvxQ
umjqiH_MZKE
uqcOZw0cSe8
us4krTa13QY
uuuONKRUn_c
v-Y1kmv3zeI
v1NChOOfV8k
v4lbwuoHnjM
v5f-G9Uu5dE
v7NQ-MI0G7Q
v7i0ygM7w30
vCb0SmnIl-I
vHnQrPRWaPw
vIcJjsK-gco
vLXJpEux3ZQ
vND8HNXyvIo
vT8tla1OKSo
vUtEW6OTQLw
vf2Nd2kYEc0
vjSKxFfjg8c
vjm4_QuByQY
voMBpyHf9QE
vq8tdZUrZ30
vvE-91_cFPI
vwwDwLVXTLI
vyQzp8V9Q50
vzjSs4eNdjg
w4zg6R0vlYY
wBck0kmwO6o
wGzsTmM6Les
wH6f1T9kcYo
wOSARSqqksk
wTUuzWCHAk0
wX28jghQv7o
w_gwcBffGm0
wbxEZtjx1lg
wgJo8VhVq_o
wgMmUpldVbE
wgUHStJkQuA
wgux5WTgDV8
wllmx36M2uI
wm61oYLRlYE
wmViONWyGSA
woqNEE20HhI
wpZQAgeaXOo
wv7OxouKZsc
wzWno2uh6fQ
x1gpukNIvlg
x1lHPvz4s6Y
x95SOBfrIzg
xCLfMWy70ME
xI51qNqzZSU
xREvnBpwpzQ
xRH8tSDeW5Y
x_Kj2uV8YmI
xjgPW877Ho8
xke70IUuoLE
xspTbjeOJuU
xw-wlpy8IF8
xyccHcWoS74
y-wMxQ9X3uw
y1siIqv58Yw
y3WFgR-jzmk
y42GkyrTH64
y87iv7y6uoQ
yCgqt_wo0B4
yDrmzsBFJCo
yEmnMCi8y5w
yJEnS5eHckw
yLlMKzmlF28
yRbCNU7CsCM
yUTObNo1c_o
yWnsKW7mQf8
yXi0NvLN2Is
ya1HvPbneJ8
yb6RsyU42pc
yclnEUMUcB4
ydzUwFQr53o
yePCPlu8w6E
yk3Sd21RHPE
ynZjPq4lc0w
yrhUflv7MSc
ytU2O3QtMjw
ytzNJ0UmaSQ
ywLVTGfu-sM
yyweeKJgIcQ
z15HgMkRuVU
z3XCx5uyVOI
z5toF7ZLPsY
zKlAFc39qFs
zVFxyBgTLig
z_PJ6PXI-A4
z_RHMC7qAJM
z_y8cn6bSPE
znFV2xkFryI
zpZrTzc9Yek
zwxXC7gLTEY