csW7DQdft-E
cIxqEIJuFok
S2LPdiqOVEk
Ngj6C_RMK1g
SlswEPy8cjk
7CayA9TOa7M
Bd3abG_YQJY
tnLSwSjQY_E
eGGFGota5_A
PCcgw10fEh8
QzdtNdF9yVc
dw8FWzSxl7o
ZVlVcEIo3Ws
aca25zxviIs
MlDnShLtcks
4LkMYkTJ8jw
gc-CRmiDRHU
rstIX0rRXpo
KVAFzxDuEPE
m3Z74OVczNU
DvbR51WJFHA
rOWx_uYCDZE
ObgKGPWQQNY
03UPyfDYf4g
vf2Nd2kYEc0
M9eBQZhHD8k
na769RtwO4s
uR3wtc8oknM
1cr_tcBus14
voMBpyHf9QE
oDxPIPa0wV8
1CH-d4ER61U
2wthcGQyEf4
hR1mNJ11ycU
oZhDU-SjXzg
JDAnDzXAVDs
WgHYCnMtl44
6NXhraaPkg0
WuSNT1be-n0
MZ7dKdTHbqY
bQum-XeMp4A
ml7_yeHfbP4
WQowtvJjCeE
fM1uAG3MdnU
CGB2ZoVDiQk
d7xwsSxV8Os
iWOdtR4clKE
t0QriZ5kJH0
tBNjQPmE1TQ
kZB3KMhqqyI
pA6YEgT1dLY
BWkDK1hhoz0
Fn__BrVR86E
xw-wlpy8IF8
lExGTaNEzoM
6VPtrPlRWE4
gy4TI-6j5po
ZJXd67Np16M
P1hnjRkXrLc
SlFajAz3Cx4
E1fkU0g4wk0
-fZl02cVTBg
xyccHcWoS74
rZAQ29_JfaQ
b93KCVhNzkI
Dq8BO3ugeGE
89eg3nExUI4
f4WN5Q9x5JU
U6zmphY-iHw
H9dyr9OXNaM
nxzrPf0IsUU
KbUrk86xsxw
5OLOsYRhNEM
bO43msZTfwA
iIjjoz1ejaw
SeLJChGJ7iM
gzUVlpffsbE
gw5iqwdgWdM
dQaNzwqCUAA
NPIXL3aas-8
gTB1nfK-0Ac
7H4TcuThyX8
OwjOpt2FCFw
sgqUP6Lp2Jc
DOxDUF41lrY
0TkrHIY0Qpk
jMMcnEHtpDs
l2bSP81yuEU
Am2ihQfZLm8
_hv80O8orKE
rNyriLZzAqY
ofrIqZrMBCg
d39VDe5SiYU
6QUCaLvQ_3I
ZW0jObNmBWo
x95SOBfrIzg
lx5W2LJ5zS0
x_Kj2uV8YmI
2A1vnPbgFPo
yb6RsyU42pc
Y-2vFjG-JyI
2YTzoWLAzA4
rIR9Ereztp8
2VlBZuzLrnU
5G7dCiq1owE
yrhUflv7MSc
AOoAXwJ-DG0
JqGA3ldiXNo
9L5G0a0GfDw
U6HbUoVdsNQ
PPxqM7oR1Kk
JJ-r49OXaPU
IFvXPXgSKjE
_ONsnpRx4hE
KowG8Iur63M
us4krTa13QY
8feS1rNYEbg
4pdZ5OpMAjQ
7nafZL0NXlA
axt4QlZiiP8
punYlPHdGiw
H0Bk-XECT4o
siGqdp4Wpak
idZ4FhejY4E
5OcAVscXQJE
ONwWgyOc7Ok
WhB7Id09JuQ
EZWtzaTHtXk
KGpAJAwRqgA
WzPJ1MNJBDM
HBEKcPJPTIM
VSPy1d2AIPs
GcZn8iDNyn4
MzcdEI-tSUc
KkPkXrbjf4g
30vx8_N9Pmc
KOxPkbOUzV0
719-xjyMtPk
giTHpww2FHo
81YGLW_Z8Ms
XY_LTZ5MxwM
nYqE3jFp-YM
SF4AJHX4BFo
sDtG_YA7OIs
0febG_1e-fY
e4q1j1a44Zs
fwe03itaoeM
X3VMZgOA9RQ
P1d1jf7dQ9o
yUTObNo1c_o
HyrylinoxqI
12LtBnEBhNA
P9iH8NvaUXw
IQ7y1GrbrXc
NJzzEEG6FZc
VBgNSpGUJDM
RQp1HbiEiSI
QTFZSp-_o1w
-SbZ4_ir148
jeE8Vr9dEVg
UdFAoK7E0io
TsXogrnKQIU
NjKxKIaS23Q
4LlfpNyZ0z4
MlZxhAy17_c
LOnuIU35C-w
NL9NRyKo5KA
GYDzBrihZ4g
IQAgJ_farVk
J0dADXOu560
6uYRW0FgZpo
JBrp8aG4lro
PugDAc7Uc0U
SdGCX2H-_Uk
i1OVkXE-scU
SPyK1Gt_Swg
x1lHPvz4s6Y
604yJY6pHgs
X2-c8c553_Y
ldxaKDWb_Kw
K5wRFDk2H7o
KZEZPlrFMSg
19s6r7e1FuE
MMJEW0bWdVE
PuekW6d_0yE
ZYlHNBlE6QI
g1ruGyRj2BU
TCUsegqBZ_M
W5CdMA0vUps
Nu3Aub9ifes
hbJ8jURg1ws
dQYRpIGXvYk
gnXzPlRdQBg
HUIwQlw5_XA
ATV2p-qxV7o
Cc2ZRk2aLFw
gkh4yW3WVn0
1GR15BdheLM
tGUkOReZW9s
t7v_EpuwK7c
LBUr14xs9k4
Vwf07uS-Gfc
yePCPlu8w6E
lSjtXJf6Blg
S_PtnU8gEDs
ZOqHvzhhb_8
jLcOO3V1afI
XzoOMQCQanU
4QDHvxUkzxE
30M7rreJ2zM
MNMDORuh5A4
iuDjDtPjpVc
qoyZ_AEnmVs
B83aBccMDEQ
Oh0yA3yHrDQ
hLY_QGrxekI
vHnQrPRWaPw
vCb0SmnIl-I
JVKiuDDzKLw
_CmRj4bNFgk
OfMFVMG3LXA
4BZX_h5Dohk
j9WvTZ9ysUc
6nHewn2LrV0
UgsOaTBIjMo
6t50Md7CICM
eihJpcAQVAE
xCLfMWy70ME
HxHIYhThBFQ
vIcJjsK-gco
-PDrGXHLpKM
5g6NIa-ZTxg
QjRxtDXGyV8
M0b_7poS6Jo
U2LL2RXleiM
E8WpGZxPlFE
nR3j_Mx-0n4
ERrPTlyetO4
oU59dAultNg
_FQFVGi5OPc
1po3ma5YHFs
e13IklbYpp0
S4hzEknI1WA
bNwlRzDBYiw
gkvcRyAmW1M
jb5YxiXIsjU
w4zg6R0vlYY
fFrtCjkSvHI
OZOaN_5ymrc
qRj6ap0ZjGA
0rEhVAOO7EQ
0wKRdpFd8Wo
wBck0kmwO6o
eDW3hUdHG00
jLrVY7LV3Lc
QGWcgAN4nJo
4rcoX9lon34
Q3dST2li9Wg
_8_Hs2lWo5o
DwF_sNb2tsE
Up3N5pL04ho
XKuiBH9PQfY
-sbx3uVDRTY
700Gkaf1ZXA
sdpp7DWKenQ
H1QOF1WieSk
SrcDwd65pXc
nDu57CGqbLM
SHHkElE3TTY
tbAM0g42hSQ
f04oxPdEjOw
cZrtEdOIONA
CzU3_kSlKAs
IDRG2CJIAbM
anedUN60dVQ
OMLgliKYqaI
1D7rcZ0vwVc
ydzUwFQr53o
XpQew1uhpbE
ya1HvPbneJ8
XQ5trbTO93Q
yJEnS5eHckw
huHKiryg5UU
yDrmzsBFJCo
R_WkH_uOq1Y
5haruMX5-PQ