wH6f1T9kcYo
sZEvu8vgAy8
S-B2wwTKE8I
MzcdEI-tSUc
QTFZSp-_o1w
PugDAc7Uc0U
HNQMF7e6IL0
Ikgf9nZKZgk
s2Nevqi09W0
jrvzuQmr5to
AKwr1WaWumw
yRbCNU7CsCM
0cfJOmUaNNI
jXZr8aoD3vA
WamDGlFeITE
tnxru4re8N8
4H0sn7S7y4A
kXqj4APQnqo
RsE-uLbCykQ
j0ffyhYQcM8
0_FbaigWRaM
GcKeKmHi--A
Gq4Y4gL3zSg
Vh7S4HvULN0
W0tEjOPwFjM
MhEi91b6ako
1_tl2zBS0j4
rzJDcwiwDUA
7gxHJtyeZpA
7HT7AS3UmFI
neef_gJdaYk
wbxEZtjx1lg
m0kXQPIjgbo
359qEKqEMxw
PT4sml5gXY4
SnRBZqRQfW8
DP_qVxVD3uQ
A4LXLOy7_ts
uS_PZHidou4
ttUD_ffjJhk
gqLmxlTXU64
jb5YxiXIsjU
oZhDU-SjXzg
QGWcgAN4nJo
NdE7uYVaynQ
I4Imhb_UqgI
8CJcfZtbZ2U
P1d1jf7dQ9o
3xPNuCtNx-s
IwOIvqmxe7M
JWO2zjcJqvQ
t7v_EpuwK7c
4BZX_h5Dohk
PEut3w_CMfg
NPIXL3aas-8
v5f-G9Uu5dE
CRqP3VFrars
IFvXPXgSKjE
ueQGC4JmvxQ
aNMEY_wK_O4
eu0hu1VTZBc
HBEKcPJPTIM
OGn20SNUUmU
MAY9P2PCu-c
y1siIqv58Yw
KsxY0QCC5vk
v4lbwuoHnjM
csW7DQdft-E
dS7Ffvs2Evg
yb6RsyU42pc
00Eu5i2mTbw
m4KnpIUjHJ4
ytzNJ0UmaSQ
nDu57CGqbLM
aVu_bZFLtCc
66aDKj34l04
bxnrry6ufRQ
SFLcGnB0bA0
ZVlVcEIo3Ws
12VWE7xQuQQ
7muYPid24Ps
C1fK650VlbU
wpZQAgeaXOo
5h95uTtPeck
3ghcG_16S7c
SrpUSIPxgqk
Z1SDVMmWeqA
lExGTaNEzoM
fwe03itaoeM
jrvEjtkpIPM
qJO0RSk4htI
_CmRj4bNFgk
q3rNT2B2fQg
pN8V6Sj2v1E
CdZ68Xzz9CU
qE8_sstg78k
bvc6v-zj1-o
yUTObNo1c_o
UJM3krUkz1o
BocUY7ALy7w
OLZg3uE2-A4
xke70IUuoLE
4GlgdBAV1TM
OWN_J9FGZ5I
JVKiuDDzKLw
jmomkRqT7oQ
7nyl46ZM8zQ
U-bZKKFcpww
qFt8t9qZTm0
Utz08swAf88
J0Q4L68o3xE
VMYjcjUdLPs
ynZjPq4lc0w
fM1uAG3MdnU
tAiVUt5vE34
X-PXIjJRkss
J2PYwi8fy-M
us4krTa13QY
2VlBZuzLrnU
nd9n8WBWaC4
Blhh7qtgl-8
4LkMYkTJ8jw
mekadE8PLgk
fGaRV_0xl-c