-3OY-UFP2O4
-PDrGXHLpKM
-dByD-uiW-M
00Eu5i2mTbw
03UPyfDYf4g
0B6A8rQiTlc
0DhWUtlWcA0
0HUUucT-47Y
0TkrHIY0Qpk
0WJzAxVDi_8
0_FbaigWRaM
0cfJOmUaNNI
0mcohdpEMd0
0rEhVAOO7EQ
0suxwissusc
0zcuZ-Rmgi4
12VWE7xQuQQ
1CH-d4ER61U
1D7rcZ0vwVc
1LM84FSzW0g
1QjBTvGmGVY
1_tl2zBS0j4
1cr_tcBus14
1j99sWYkBCQ
1k8kQlJ8XH0
1pzqaZN3doE
1zt87XCWlWs
22kR2g5KWYA
2VP929E1o2E
2VlBZuzLrnU
2YTzoWLAzA4
2d-3lo5BVVY
2hnHhMPJoiw
2w2OJqy1igY
2wthcGQyEf4
2zS9cNCHzd4
359qEKqEMxw
3DMhSnlf3Oo
3DtKU35khmo
3G-jjFJcmM4
3X758yC-ouE
3ghcG_16S7c
3xImP9r-G7Q
3xPNuCtNx-s
4BZX_h5Dohk
4GlgdBAV1TM
4H0sn7S7y4A
4LkMYkTJ8jw
4LlfpNyZ0z4
4OI0NyIoGyw
4OjImrdr1ZU
4SilhsTuDU0
4gCK4G5zcLw
50jWYPiXyz4
5OLOsYRhNEM
5X0q6wmUwyw
5h95uTtPeck
66aDKj34l04
69Aw5PC1h4Y
6JTKEOAWLyQ
6t50Md7CICM
6uYRW0FgZpo
70YT_88_t7Q
7CayA9TOa7M
7H4TcuThyX8
7HT7AS3UmFI
7Pa33AYjvlI
7UNVSS9ZidM
7WRsz_CAP5M
7dLGdZOWYOE
7duhBOM-J78
7gxHJtyeZpA
7muYPid24Ps
7nyl46ZM8zQ
866j-XIZmjg
8CJcfZtbZ2U
8DfJ8Gab5ss
8JwsTjoA0UI
97pAdzsZSqo
99qPM4i1GnE
9FK9qU7ccCY
9L5G0a0GfDw
9OJDmis_dM8
9yzuI5W2EzA
A4LXLOy7_ts
A9n67yCpkx4
AI1kS5hz5gM
AKwr1WaWumw
ANiYqjx9r3U
ATV2p-qxV7o
ATsKN7HVbUg
B7el-TvTuBI
BAgStSY6mIo
BIrH5_kvgLc
BWkDK1hhoz0
BbKFi2u0yYQ
Bd3abG_YQJY
BgeTUU5SCJk
Blhh7qtgl-8
BocUY7ALy7w
BuuVgZZM878
ByBF08H-wDA
C1fK650VlbU
C7_O5BZz0Eo
CIoepCR9NSU
CRqP3VFrars
CW9NulhMq_Y
CXLfvK0KXgQ
CYiKu-303ho
CdZ68Xzz9CU
DAXcwa_HooQ
DP_qVxVD3uQ
DdQzV2kKzf4
DjYIyLX-aSk
DlGCaTuyvmk
DwF_sNb2tsE
E799pQJv1Mk
E8WpGZxPlFE
EVCsSf-OrNI
Eojj8gAvebU
FXZP8850kh4
G8pABGosD38
GDUbLW9qClA
GPmKQ0wVGfk
GYDzBrihZ4g
GazqCSHqxuw
GcKeKmHi--A
GcZn8iDNyn4
GivY6W4VBxY
Gleb5jsH3_A
GnEWtqSidOc
Gotc4Ios1l0
Gq4Y4gL3zSg
GyiujGdjdq4
H1QOF1WieSk
HBEKcPJPTIM
HFYwLMqm9oA
HNQMF7e6IL0
HSwFTK1ToaI
HcIJK8y6jRY
HnUVz0J2CoE
Ho_9b4TZ4mY
HxHIYhThBFQ
HyrylinoxqI
I-43DzvhxX8
I-J0BIO4hHE
I4Imhb_UqgI
IFvXPXgSKjE
IQ7y1GrbrXc
IQAgJ_farVk
IRG9Z7Y2uS4
IVRIMGqqp2g
Ikgf9nZKZgk
IsQ7LWDUY9o
IwOIvqmxe7M
IywSTYwIUHE
J0Q4L68o3xE
J0dADXOu560
J2PYwi8fy-M
J3n8j07skhM
JA7uN2ygPfk
JBrp8aG4lro
JG7Z7cQm4a8
JJ-r49OXaPU
JOpvhgy0i6o
JVKiuDDzKLw
JWO2zjcJqvQ
JbGlLbNYBy8
JfwwWCUzes4
Jwl6W9NO4a8
KFBk21Mb8G4
KGpAJAwRqgA
KN7eBXl1jeE
KTH6N2n0exc
Kj-RSMFFEZ0
Ko9pZC8u5v8
KsxY0QCC5vk
KvSsYaoSJGI
LDBWBUVZsCI
LOnuIU35C-w
M9eBQZhHD8k
MAY9P2PCu-c
MNMDORuh5A4
MSIyd-HKDps
MZ7dKdTHbqY
MgLX0EXju30
MhEi91b6ako
MjehJ4T_LKI
MzcdEI-tSUc
N3TS8nu0wb0
N6UH-jzU5Hw
NL9NRyKo5KA
NNhN2Y6ZVkQ
NPIXL3aas-8
NdE7uYVaynQ
Ngj6C_RMK1g
Nt5ECvb-CP0
Nu3Aub9ifes
Nxe80smr9xM
NyoGIdJOatE
O3NLaKxgOIg
O51dYZERhkE
OGn20SNUUmU
OLZg3uE2-A4
OMLgliKYqaI
ONwWgyOc7Ok
OQ6vT4VNLUM
OQQi0DPZAwM
OWN_J9FGZ5I
OdpM9Mp0Akc
Oue_XEKHq3g
OwjOpt2FCFw
P1d1jf7dQ9o
P4KyjvsceZQ
P9iH8NvaUXw
PB0H3rSBMD8
PBxUJk7evkc
PEut3w_CMfg
PPxqM7oR1Kk
PT4sml5gXY4
PgR_YjhMNno
PugDAc7Uc0U
Pyk2cjuEDGc
QGWcgAN4nJo
QTFZSp-_o1w
QpDblC4VoDA
RHhWHAZaCS0
RI3_GG8QA8U
RSYbTSTz91g
RSn20tJsvZQ
R_WkH_uOq1Y
RbgxpagCY_c
RrGhiInqXhc
RsE-uLbCykQ
S-B2wwTKE8I
S9w8HIDshPY
SFLcGnB0bA0
SIjrs7oxJr0
SMBo1ZlUOmY
S_PtnU8gEDs
SdGCX2H-_Uk
Sdntwm_Q1Zo
SnRBZqRQfW8
SrpUSIPxgqk
TTt5jLO_X2c
Tg_p387BYuI
TsXogrnKQIU
TuU7yOyECMY
U-bZKKFcpww
U6HbUoVdsNQ
U6zmphY-iHw
UJM3krUkz1o
UPlkR2E_EZk
U_P3QhqG31s
UfGDEXV2F60
UgsOaTBIjMo
Up3N5pL04ho
UpFZ2YaKeqM
Utz08swAf88
Uy5LTocHmoA
VMYjcjUdLPs
VSPy1d2AIPs
VXp_BlhSbjc
Vh7S4HvULN0
VorNgfwPrek
VtmAz4in8Wo
Vyn4x0Gbn_0
W0tEjOPwFjM
W6P9tti3bhg
WHMD6IWOKWA
WPUaB4G77S8
WV4m9MRFP5o
WaAmpGDdTDM
WamDGlFeITE
WcJVIHIt774
WuSNT1be-n0
WzPJ1MNJBDM
X-PXIjJRkss
X76mt1s2Vl4
XQ5trbTO93Q
XY_LTZ5MxwM
X_PbYjFCXjw
Xdi39XypbLM
XpQew1uhpbE
XzoOMQCQanU
Y-2vFjG-JyI
Y5RRrc9cs4E
YZR56hAPnbM
Z1SDVMmWeqA
ZBXiIs_4H6M
ZJXd67Np16M
ZUim66V_nko
ZVWcmGnfCtk
ZVlVcEIo3Ws
ZW0jObNmBWo
ZYlHNBlE6QI
Zfp2sj4Tzk0
ZoSJptgd6Eo
ZuXCMpVR24I
_CmRj4bNFgk
_FQFVGi5OPc
_bQA6ODNAS0
aGjZtESesOI
aKRMhMOHs8I
aNMEY_wK_O4
aVu_bZFLtCc
aieThfuvmtY
anedUN60dVQ
arEX6Uo-0cc
axt4QlZiiP8
bBSs8gk_srE
bCjt8o3migE
bGnivk-jepU
bKV1IS-ATmQ
bTiep5Pb208
bvc6v-zj1-o
bxnrry6ufRQ
cZrtEdOIONA
cktjeMD2tiE
csW7DQdft-E
d39VDe5SiYU
dDwlYHRlmn0
dKXcVq61y8Q
dS7Ffvs2Evg
daZ2ffvJ5CY
dd39herpgXA
dlS3vQEBkYU
e13IklbYpp0
eDW3hUdHG00
eGGFGota5_A
eXkcfLt2LXc
ek5aFRaRxxE
el7kwS4yzBw
eu0hu1VTZBc
ey9J7w98wlI
f4WN5Q9x5JU
f5YQ1lA3kQI
fGaRV_0xl-c
fM1uAG3MdnU
fNVoFSg4LDQ
fwe03itaoeM
g1ruGyRj2BU
gSueCRQO_5g
gTB1nfK-0Ac
giTHpww2FHo
gnXzPlRdQBg
gq9VRNUqI4k
gqLmxlTXU64
gsWoN6uGM9c
gwFhKBOJCEw
hLl1uHlPYKs
hQpA12LhR-k
hmLDe6H50tI
huHKiryg5UU
i-OFj3B0Yms
iIjjoz1ejaw
iaiXZG4YJb8
idLVnagjl_s
idZ4FhejY4E
ifurLY3mRF4
ikkXVRhmXsg
j0RNzPU_yCg
j0ffyhYQcM8
jKPvpVBECQ4
jLcOO3V1afI
jLrVY7LV3Lc
jMz0QkOKaGw
jXZr8aoD3vA
jb5YxiXIsjU
jfy1J6exPXs
jjFB8jUvEno
jm3dpBaUULI
jmomkRqT7oQ
jnopGSHnOXc
jrvEjtkpIPM
jrvzuQmr5to
js-sWf2lBfc
kXqj4APQnqo
knOkKqZm6I4
kt70EFCFAGo
kzWozTWdlLY
l-Ve9Vwj3gw
lExGTaNEzoM
lLIFe9-4060
lYucM0BW-lo
lx5W2LJ5zS0
m0kXQPIjgbo
m4KnpIUjHJ4
m9AcUM0ZaL4
mNrrRIFRlJA
mUmneTwv8YU
maEpS6M4GWo
mekadE8PLgk
mhZcVjNdwzE
n0PvJiIn6kM
n524y8uPUaU
nDu57CGqbLM
nOoWRhp9ZiA
nR3j_Mx-0n4
nd9n8WBWaC4
neef_gJdaYk
nxzrPf0IsUU
o7JEBWV4CmY
oL9MH1Q5Cgg
oZhDU-SjXzg
ovjZ1-11x74
p0HamWCVrFI
pA6YEgT1dLY
pN8V6Sj2v1E
pVBTPHjNunw
q0NXtY4N4Lo
q1zQOA-SslE
q3rNT2B2fQg
q65zGO7s3rM
qE8_sstg78k
qFt8t9qZTm0
qJO0RSk4htI
qXKK5EqQaEk
qiTGW6N_gNM
qliVdl8NQVQ
qoyZ_AEnmVs
qqj5g-kjyl0
rN83eeGTRy4
rNyriLZzAqY
rOWx_uYCDZE
rWDik0AmfIo
rXRLQSiFk2s
r_uAkMkSsRo
riccApGhD_Q
rrFwyHP3n28
rzJDcwiwDUA
s2Nevqi09W0
s5_MyfIIjxc
sDtG_YA7OIs
sKqwSHAZgGY
sZEvu8vgAy8
sggxeMvgpS0
sufIFTMT-tU
t0QriZ5kJH0
t7v_EpuwK7c
tAiVUt5vE34
tVSATje07as
tl2IIIQCdbQ
tmO6N6TBXoE
tm_cPcKcByE
tnxru4re8N8
tqKpROvrBv4
ttUD_ffjJhk
uR3wtc8oknM
uRtzWu5pfpQ
uS_PZHidou4
ueQGC4JmvxQ
umjqiH_MZKE
us4krTa13QY
uuuONKRUn_c
v1NChOOfV8k
v4lbwuoHnjM
v5f-G9Uu5dE
v7NQ-MI0G7Q
v7i0ygM7w30
vCb0SmnIl-I
vLXJpEux3ZQ
vND8HNXyvIo
vUtEW6OTQLw
vf2Nd2kYEc0
vq8tdZUrZ30
vvE-91_cFPI
vwwDwLVXTLI
wH6f1T9kcYo
wOSARSqqksk
wbxEZtjx1lg
wgJo8VhVq_o
wllmx36M2uI
wpZQAgeaXOo
wv7OxouKZsc
xCLfMWy70ME
xI51qNqzZSU
xREvnBpwpzQ
x_Kj2uV8YmI
xke70IUuoLE
xspTbjeOJuU
y1siIqv58Yw
y3WFgR-jzmk
yCgqt_wo0B4
yDrmzsBFJCo
yEmnMCi8y5w
yRbCNU7CsCM
yUTObNo1c_o
yb6RsyU42pc
yclnEUMUcB4
ydzUwFQr53o
ynZjPq4lc0w
yrhUflv7MSc
ytzNJ0UmaSQ
z5toF7ZLPsY
z_y8cn6bSPE