wH6f1T9kcYo
sZEvu8vgAy8
S-B2wwTKE8I
MzcdEI-tSUc
QTFZSp-_o1w
PugDAc7Uc0U
HNQMF7e6IL0
Ikgf9nZKZgk
s2Nevqi09W0
jrvzuQmr5to
AKwr1WaWumw
yRbCNU7CsCM
0cfJOmUaNNI
jXZr8aoD3vA
WamDGlFeITE
tnxru4re8N8
4H0sn7S7y4A
kXqj4APQnqo
RsE-uLbCykQ
j0ffyhYQcM8
0_FbaigWRaM
GcKeKmHi--A
Gq4Y4gL3zSg
Vh7S4HvULN0
W0tEjOPwFjM
MhEi91b6ako
1_tl2zBS0j4
rzJDcwiwDUA
7gxHJtyeZpA
7HT7AS3UmFI
neef_gJdaYk
wbxEZtjx1lg
m0kXQPIjgbo
359qEKqEMxw
PT4sml5gXY4
SnRBZqRQfW8
DP_qVxVD3uQ
A4LXLOy7_ts
uS_PZHidou4
ttUD_ffjJhk
gqLmxlTXU64
jb5YxiXIsjU
oZhDU-SjXzg
QGWcgAN4nJo
NdE7uYVaynQ
I4Imhb_UqgI
8CJcfZtbZ2U
P1d1jf7dQ9o
3xPNuCtNx-s
IwOIvqmxe7M
JWO2zjcJqvQ
t7v_EpuwK7c
4BZX_h5Dohk
PEut3w_CMfg
NPIXL3aas-8
v5f-G9Uu5dE
CRqP3VFrars
IFvXPXgSKjE
ueQGC4JmvxQ
aNMEY_wK_O4
eu0hu1VTZBc
HBEKcPJPTIM
OGn20SNUUmU
MAY9P2PCu-c
y1siIqv58Yw
KsxY0QCC5vk
v4lbwuoHnjM
csW7DQdft-E
dS7Ffvs2Evg
yb6RsyU42pc
00Eu5i2mTbw
m4KnpIUjHJ4
ytzNJ0UmaSQ
nDu57CGqbLM
aVu_bZFLtCc
66aDKj34l04
bxnrry6ufRQ
SFLcGnB0bA0
ZVlVcEIo3Ws
12VWE7xQuQQ
7muYPid24Ps
C1fK650VlbU
wpZQAgeaXOo
5h95uTtPeck
3ghcG_16S7c
SrpUSIPxgqk
Z1SDVMmWeqA
lExGTaNEzoM
fwe03itaoeM
jrvEjtkpIPM
qJO0RSk4htI
_CmRj4bNFgk
q3rNT2B2fQg
pN8V6Sj2v1E
CdZ68Xzz9CU
qE8_sstg78k
bvc6v-zj1-o
yUTObNo1c_o
UJM3krUkz1o
BocUY7ALy7w
OLZg3uE2-A4
xke70IUuoLE
4GlgdBAV1TM
OWN_J9FGZ5I
JVKiuDDzKLw
jmomkRqT7oQ
7nyl46ZM8zQ
U-bZKKFcpww
qFt8t9qZTm0
Utz08swAf88
J0Q4L68o3xE
VMYjcjUdLPs
ynZjPq4lc0w
fM1uAG3MdnU
tAiVUt5vE34
X-PXIjJRkss
J2PYwi8fy-M
us4krTa13QY
2VlBZuzLrnU
nd9n8WBWaC4
Blhh7qtgl-8
4LkMYkTJ8jw
mekadE8PLgk
fGaRV_0xl-c
XzoOMQCQanU
vf2Nd2kYEc0
7CayA9TOa7M
Nt5ECvb-CP0
3DtKU35khmo
hQpA12LhR-k
U_P3QhqG31s
CYiKu-303ho
OdpM9Mp0Akc
d39VDe5SiYU
I-J0BIO4hHE
bCjt8o3migE
JA7uN2ygPfk
dKXcVq61y8Q
LOnuIU35C-w
vCb0SmnIl-I
IRG9Z7Y2uS4
rrFwyHP3n28
XpQew1uhpbE
v7NQ-MI0G7Q
jMz0QkOKaGw
BbKFi2u0yYQ
kt70EFCFAGo
7duhBOM-J78
Gleb5jsH3_A
7WRsz_CAP5M
BIrH5_kvgLc
qiTGW6N_gNM
_bQA6ODNAS0
VorNgfwPrek
2zS9cNCHzd4
rWDik0AmfIo
2wthcGQyEf4
xREvnBpwpzQ
IsQ7LWDUY9o
R_WkH_uOq1Y
HxHIYhThBFQ
JfwwWCUzes4
t0QriZ5kJH0
Kj-RSMFFEZ0
6t50Md7CICM
X_PbYjFCXjw
0zcuZ-Rmgi4
AI1kS5hz5gM
ifurLY3mRF4
TuU7yOyECMY
HcIJK8y6jRY
UgsOaTBIjMo
tl2IIIQCdbQ
tmO6N6TBXoE
ydzUwFQr53o
eXkcfLt2LXc
OQ6vT4VNLUM
PBxUJk7evkc
4OjImrdr1ZU
69Aw5PC1h4Y
p0HamWCVrFI
99qPM4i1GnE
sggxeMvgpS0
vLXJpEux3ZQ
ZJXd67Np16M
FXZP8850kh4
ONwWgyOc7Ok
JG7Z7cQm4a8
Eojj8gAvebU
866j-XIZmjg
yclnEUMUcB4
3xImP9r-G7Q
J3n8j07skhM
gSueCRQO_5g
0DhWUtlWcA0
bGnivk-jepU
MgLX0EXju30
CIoepCR9NSU
LDBWBUVZsCI
70YT_88_t7Q
GazqCSHqxuw
9OJDmis_dM8
M9eBQZhHD8k
wgJo8VhVq_o
qXKK5EqQaEk
1zt87XCWlWs
N6UH-jzU5Hw
N3TS8nu0wb0
Gotc4Ios1l0
nR3j_Mx-0n4
TTt5jLO_X2c
r_uAkMkSsRo
ZUim66V_nko
U6zmphY-iHw
bTiep5Pb208
-PDrGXHLpKM
UpFZ2YaKeqM
ANiYqjx9r3U
WHMD6IWOKWA
6JTKEOAWLyQ
PgR_YjhMNno
GPmKQ0wVGfk
0HUUucT-47Y
Zfp2sj4Tzk0
aieThfuvmtY
v1NChOOfV8k
Xdi39XypbLM
IVRIMGqqp2g
Y-2vFjG-JyI
vq8tdZUrZ30
s5_MyfIIjxc
rN83eeGTRy4
SdGCX2H-_Uk
ZW0jObNmBWo
tm_cPcKcByE
22kR2g5KWYA
0suxwissusc
2YTzoWLAzA4
dd39herpgXA
SIjrs7oxJr0
cktjeMD2tiE
Ngj6C_RMK1g
qqj5g-kjyl0
1j99sWYkBCQ
f5YQ1lA3kQI
MZ7dKdTHbqY
dDwlYHRlmn0
kzWozTWdlLY
WcJVIHIt774
1CH-d4ER61U
vwwDwLVXTLI
6uYRW0FgZpo
gnXzPlRdQBg
W6P9tti3bhg
0rEhVAOO7EQ
DlGCaTuyvmk
Sdntwm_Q1Zo
jKPvpVBECQ4
ATsKN7HVbUg
8DfJ8Gab5ss
Oue_XEKHq3g
GnEWtqSidOc
DwF_sNb2tsE
1pzqaZN3doE
nOoWRhp9ZiA
mhZcVjNdwzE
3DMhSnlf3Oo
HyrylinoxqI
aGjZtESesOI
Nu3Aub9ifes
WPUaB4G77S8
q0NXtY4N4Lo
arEX6Uo-0cc
IywSTYwIUHE
97pAdzsZSqo
BuuVgZZM878
wv7OxouKZsc
2d-3lo5BVVY
cZrtEdOIONA
xI51qNqzZSU
ZuXCMpVR24I
9FK9qU7ccCY
yDrmzsBFJCo
sDtG_YA7OIs
DjYIyLX-aSk
MSIyd-HKDps
riccApGhD_Q
4LlfpNyZ0z4
ey9J7w98wlI
idZ4FhejY4E
5X0q6wmUwyw
wllmx36M2uI
iaiXZG4YJb8
NL9NRyKo5KA
maEpS6M4GWo
jfy1J6exPXs
jnopGSHnOXc
jLcOO3V1afI
0WJzAxVDi_8
EVCsSf-OrNI
mUmneTwv8YU
DAXcwa_HooQ
0B6A8rQiTlc
bKV1IS-ATmQ
VXp_BlhSbjc
z_y8cn6bSPE
DdQzV2kKzf4
WV4m9MRFP5o
umjqiH_MZKE
oL9MH1Q5Cgg
dlS3vQEBkYU
-dByD-uiW-M
JOpvhgy0i6o
js-sWf2lBfc
RHhWHAZaCS0
7Pa33AYjvlI
rOWx_uYCDZE
vvE-91_cFPI
Ho_9b4TZ4mY
WaAmpGDdTDM
giTHpww2FHo
MjehJ4T_LKI
gq9VRNUqI4k
RI3_GG8QA8U
gsWoN6uGM9c
QpDblC4VoDA
C7_O5BZz0Eo
S_PtnU8gEDs
lLIFe9-4060
A9n67yCpkx4
U6HbUoVdsNQ
tVSATje07as
S9w8HIDshPY
50jWYPiXyz4
Vyn4x0Gbn_0
H1QOF1WieSk
z5toF7ZLPsY
lYucM0BW-lo
O51dYZERhkE
hLl1uHlPYKs
idLVnagjl_s
B7el-TvTuBI
I-43DzvhxX8
7UNVSS9ZidM
uR3wtc8oknM
OwjOpt2FCFw
ek5aFRaRxxE
7dLGdZOWYOE
0mcohdpEMd0
0TkrHIY0Qpk
3G-jjFJcmM4
UPlkR2E_EZk
sKqwSHAZgGY
iIjjoz1ejaw
ZoSJptgd6Eo
KvSsYaoSJGI
03UPyfDYf4g
Bd3abG_YQJY
y3WFgR-jzmk
aKRMhMOHs8I
huHKiryg5UU
KN7eBXl1jeE
n524y8uPUaU
xspTbjeOJuU
gwFhKBOJCEw
KTH6N2n0exc
BWkDK1hhoz0
UfGDEXV2F60
Y5RRrc9cs4E
m9AcUM0ZaL4
l-Ve9Vwj3gw
BAgStSY6mIo