TsXogrnKQIU
KGpAJAwRqgA
YZR56hAPnbM
Tg_p387BYuI
GYDzBrihZ4g
lx5W2LJ5zS0
Ko9pZC8u5v8
yCgqt_wo0B4
sufIFTMT-tU
hmLDe6H50tI
JJ-r49OXaPU
qoyZ_AEnmVs
vND8HNXyvIo
pA6YEgT1dLY
XQ5trbTO93Q
G8pABGosD38
uuuONKRUn_c
GDUbLW9qClA
WuSNT1be-n0
pVBTPHjNunw
jm3dpBaUULI
4SilhsTuDU0
q65zGO7s3rM
CXLfvK0KXgQ
o7JEBWV4CmY
gTB1nfK-0Ac
ZBXiIs_4H6M
PB0H3rSBMD8
X76mt1s2Vl4
rXRLQSiFk2s
uRtzWu5pfpQ
RrGhiInqXhc
O3NLaKxgOIg
knOkKqZm6I4
OMLgliKYqaI
GivY6W4VBxY
q1zQOA-SslE
eGGFGota5_A
1LM84FSzW0g
BgeTUU5SCJk
HFYwLMqm9oA
IQ7y1GrbrXc
jLrVY7LV3Lc
ATV2p-qxV7o
XY_LTZ5MxwM
j0RNzPU_yCg
nxzrPf0IsUU
4gCK4G5zcLw
9yzuI5W2EzA
jjFB8jUvEno
HnUVz0J2CoE
P4KyjvsceZQ
f4WN5Q9x5JU
IQAgJ_farVk
MNMDORuh5A4
g1ruGyRj2BU
e13IklbYpp0
fNVoFSg4LDQ
axt4QlZiiP8
qliVdl8NQVQ
GcZn8iDNyn4
7H4TcuThyX8
JBrp8aG4lro
xCLfMWy70ME
ovjZ1-11x74
_FQFVGi5OPc
x_Kj2uV8YmI
n0PvJiIn6kM
J0dADXOu560
3X758yC-ouE
ByBF08H-wDA
mNrrRIFRlJA
Jwl6W9NO4a8
HSwFTK1ToaI
9L5G0a0GfDw
OQQi0DPZAwM
PPxqM7oR1Kk
NNhN2Y6ZVkQ
v7i0ygM7w30
1k8kQlJ8XH0
2VP929E1o2E
Nxe80smr9xM
2w2OJqy1igY
eDW3hUdHG00
Pyk2cjuEDGc
rNyriLZzAqY
SMBo1ZlUOmY
Uy5LTocHmoA
RbgxpagCY_c
JbGlLbNYBy8
CW9NulhMq_Y
8JwsTjoA0UI
yrhUflv7MSc
5OLOsYRhNEM
NyoGIdJOatE
E8WpGZxPlFE
4OI0NyIoGyw
ZVWcmGnfCtk
anedUN60dVQ
i-OFj3B0Yms
Up3N5pL04ho
VSPy1d2AIPs
ikkXVRhmXsg
RSYbTSTz91g
1QjBTvGmGVY
VtmAz4in8Wo
RSn20tJsvZQ
1cr_tcBus14
KFBk21Mb8G4
2hnHhMPJoiw
1D7rcZ0vwVc
el7kwS4yzBw
bBSs8gk_srE
tqKpROvrBv4
daZ2ffvJ5CY
GyiujGdjdq4
-3OY-UFP2O4
wOSARSqqksk
yEmnMCi8y5w
WzPJ1MNJBDM
ZYlHNBlE6QI
vUtEW6OTQLw
P9iH8NvaUXw
E799pQJv1Mk
XzoOMQCQanU
vf2Nd2kYEc0
7CayA9TOa7M
Nt5ECvb-CP0
3DtKU35khmo
hQpA12LhR-k
U_P3QhqG31s
CYiKu-303ho
OdpM9Mp0Akc
d39VDe5SiYU
I-J0BIO4hHE
bCjt8o3migE
JA7uN2ygPfk
dKXcVq61y8Q
LOnuIU35C-w
vCb0SmnIl-I
IRG9Z7Y2uS4
rrFwyHP3n28
XpQew1uhpbE
v7NQ-MI0G7Q
jMz0QkOKaGw
BbKFi2u0yYQ
kt70EFCFAGo
7duhBOM-J78
Gleb5jsH3_A
7WRsz_CAP5M
BIrH5_kvgLc
qiTGW6N_gNM
_bQA6ODNAS0
VorNgfwPrek
2zS9cNCHzd4
rWDik0AmfIo
2wthcGQyEf4
xREvnBpwpzQ
IsQ7LWDUY9o
R_WkH_uOq1Y
HxHIYhThBFQ
JfwwWCUzes4
t0QriZ5kJH0
Kj-RSMFFEZ0
6t50Md7CICM
X_PbYjFCXjw
0zcuZ-Rmgi4
AI1kS5hz5gM
ifurLY3mRF4
TuU7yOyECMY
HcIJK8y6jRY
UgsOaTBIjMo
tl2IIIQCdbQ
tmO6N6TBXoE
ydzUwFQr53o
eXkcfLt2LXc
OQ6vT4VNLUM
PBxUJk7evkc
4OjImrdr1ZU
69Aw5PC1h4Y
p0HamWCVrFI
99qPM4i1GnE
sggxeMvgpS0
vLXJpEux3ZQ
ZJXd67Np16M
FXZP8850kh4
ONwWgyOc7Ok
JG7Z7cQm4a8
Eojj8gAvebU
866j-XIZmjg
yclnEUMUcB4
3xImP9r-G7Q
J3n8j07skhM
gSueCRQO_5g
0DhWUtlWcA0
bGnivk-jepU
MgLX0EXju30
CIoepCR9NSU
LDBWBUVZsCI
70YT_88_t7Q
GazqCSHqxuw
9OJDmis_dM8
M9eBQZhHD8k
wgJo8VhVq_o
qXKK5EqQaEk
1zt87XCWlWs
N6UH-jzU5Hw
N3TS8nu0wb0
Gotc4Ios1l0
nR3j_Mx-0n4
TTt5jLO_X2c
r_uAkMkSsRo
ZUim66V_nko
U6zmphY-iHw
bTiep5Pb208
-PDrGXHLpKM
UpFZ2YaKeqM
ANiYqjx9r3U
WHMD6IWOKWA
6JTKEOAWLyQ
PgR_YjhMNno
GPmKQ0wVGfk
0HUUucT-47Y
Zfp2sj4Tzk0
aieThfuvmtY
v1NChOOfV8k
Xdi39XypbLM
IVRIMGqqp2g
Y-2vFjG-JyI
vq8tdZUrZ30
s5_MyfIIjxc
rN83eeGTRy4
SdGCX2H-_Uk
ZW0jObNmBWo
tm_cPcKcByE
22kR2g5KWYA
0suxwissusc
2YTzoWLAzA4
dd39herpgXA
SIjrs7oxJr0
cktjeMD2tiE
Ngj6C_RMK1g
qqj5g-kjyl0
1j99sWYkBCQ
f5YQ1lA3kQI
MZ7dKdTHbqY
dDwlYHRlmn0
kzWozTWdlLY
WcJVIHIt774
1CH-d4ER61U
vwwDwLVXTLI
6uYRW0FgZpo
gnXzPlRdQBg
W6P9tti3bhg
0rEhVAOO7EQ
DlGCaTuyvmk
Sdntwm_Q1Zo
jKPvpVBECQ4
ATsKN7HVbUg
8DfJ8Gab5ss
Oue_XEKHq3g
GnEWtqSidOc
DwF_sNb2tsE
1pzqaZN3doE
nOoWRhp9ZiA
mhZcVjNdwzE
3DMhSnlf3Oo
HyrylinoxqI
aGjZtESesOI
Nu3Aub9ifes
WPUaB4G77S8
q0NXtY4N4Lo
arEX6Uo-0cc
IywSTYwIUHE
97pAdzsZSqo
BuuVgZZM878
wv7OxouKZsc
2d-3lo5BVVY
cZrtEdOIONA
xI51qNqzZSU
ZuXCMpVR24I
9FK9qU7ccCY
yDrmzsBFJCo
sDtG_YA7OIs
DjYIyLX-aSk
MSIyd-HKDps
riccApGhD_Q
4LlfpNyZ0z4
ey9J7w98wlI
idZ4FhejY4E
5X0q6wmUwyw
wllmx36M2uI
iaiXZG4YJb8
NL9NRyKo5KA
maEpS6M4GWo
jfy1J6exPXs
jnopGSHnOXc
jLcOO3V1afI
0WJzAxVDi_8
EVCsSf-OrNI
mUmneTwv8YU
DAXcwa_HooQ
0B6A8rQiTlc
bKV1IS-ATmQ
VXp_BlhSbjc
z_y8cn6bSPE
DdQzV2kKzf4
WV4m9MRFP5o
umjqiH_MZKE
oL9MH1Q5Cgg
dlS3vQEBkYU
-dByD-uiW-M
JOpvhgy0i6o
js-sWf2lBfc
RHhWHAZaCS0
7Pa33AYjvlI
rOWx_uYCDZE
vvE-91_cFPI
Ho_9b4TZ4mY
WaAmpGDdTDM
giTHpww2FHo
MjehJ4T_LKI
gq9VRNUqI4k
RI3_GG8QA8U
gsWoN6uGM9c
QpDblC4VoDA
C7_O5BZz0Eo
S_PtnU8gEDs
lLIFe9-4060
A9n67yCpkx4
U6HbUoVdsNQ
tVSATje07as
S9w8HIDshPY
50jWYPiXyz4
Vyn4x0Gbn_0
H1QOF1WieSk
z5toF7ZLPsY
lYucM0BW-lo
O51dYZERhkE
hLl1uHlPYKs
idLVnagjl_s
B7el-TvTuBI
I-43DzvhxX8
7UNVSS9ZidM
uR3wtc8oknM
OwjOpt2FCFw
ek5aFRaRxxE
7dLGdZOWYOE
0mcohdpEMd0
0TkrHIY0Qpk
3G-jjFJcmM4
UPlkR2E_EZk
sKqwSHAZgGY
iIjjoz1ejaw
ZoSJptgd6Eo
KvSsYaoSJGI
03UPyfDYf4g
Bd3abG_YQJY
y3WFgR-jzmk
aKRMhMOHs8I
huHKiryg5UU
KN7eBXl1jeE
n524y8uPUaU
xspTbjeOJuU
gwFhKBOJCEw
KTH6N2n0exc
BWkDK1hhoz0
UfGDEXV2F60
Y5RRrc9cs4E
m9AcUM0ZaL4
l-Ve9Vwj3gw
BAgStSY6mIo