XzoOMQCQanU
vf2Nd2kYEc0
7CayA9TOa7M
Nt5ECvb-CP0
3DtKU35khmo
hQpA12LhR-k
U_P3QhqG31s
CYiKu-303ho
OdpM9Mp0Akc
d39VDe5SiYU
I-J0BIO4hHE
bCjt8o3migE
JA7uN2ygPfk
dKXcVq61y8Q
LOnuIU35C-w
vCb0SmnIl-I
IRG9Z7Y2uS4
rrFwyHP3n28
XpQew1uhpbE
v7NQ-MI0G7Q
jMz0QkOKaGw
BbKFi2u0yYQ
kt70EFCFAGo
7duhBOM-J78
Gleb5jsH3_A
7WRsz_CAP5M
BIrH5_kvgLc
qiTGW6N_gNM
_bQA6ODNAS0
VorNgfwPrek
2zS9cNCHzd4
rWDik0AmfIo
2wthcGQyEf4
xREvnBpwpzQ
IsQ7LWDUY9o
R_WkH_uOq1Y
HxHIYhThBFQ
JfwwWCUzes4
t0QriZ5kJH0
Kj-RSMFFEZ0
6t50Md7CICM
X_PbYjFCXjw
0zcuZ-Rmgi4
AI1kS5hz5gM
ifurLY3mRF4
TuU7yOyECMY
HcIJK8y6jRY
UgsOaTBIjMo
tl2IIIQCdbQ
tmO6N6TBXoE
ydzUwFQr53o
eXkcfLt2LXc
OQ6vT4VNLUM
PBxUJk7evkc
4OjImrdr1ZU
69Aw5PC1h4Y
p0HamWCVrFI
99qPM4i1GnE
sggxeMvgpS0
vLXJpEux3ZQ
ZJXd67Np16M
FXZP8850kh4
ONwWgyOc7Ok
JG7Z7cQm4a8
Eojj8gAvebU
866j-XIZmjg
yclnEUMUcB4
3xImP9r-G7Q
J3n8j07skhM
gSueCRQO_5g
0DhWUtlWcA0
bGnivk-jepU
MgLX0EXju30
CIoepCR9NSU
LDBWBUVZsCI
70YT_88_t7Q
GazqCSHqxuw
9OJDmis_dM8
M9eBQZhHD8k
wgJo8VhVq_o
qXKK5EqQaEk
1zt87XCWlWs
N6UH-jzU5Hw
N3TS8nu0wb0
Gotc4Ios1l0
nR3j_Mx-0n4
TTt5jLO_X2c
r_uAkMkSsRo
ZUim66V_nko
U6zmphY-iHw
bTiep5Pb208
-PDrGXHLpKM
UpFZ2YaKeqM
ANiYqjx9r3U
WHMD6IWOKWA
6JTKEOAWLyQ
PgR_YjhMNno
GPmKQ0wVGfk
0HUUucT-47Y
Zfp2sj4Tzk0
aieThfuvmtY
v1NChOOfV8k
Xdi39XypbLM
IVRIMGqqp2g
Y-2vFjG-JyI
vq8tdZUrZ30
s5_MyfIIjxc
rN83eeGTRy4
SdGCX2H-_Uk
ZW0jObNmBWo
tm_cPcKcByE
22kR2g5KWYA
0suxwissusc
2YTzoWLAzA4
dd39herpgXA
SIjrs7oxJr0
cktjeMD2tiE
Ngj6C_RMK1g
qqj5g-kjyl0
1j99sWYkBCQ
f5YQ1lA3kQI
MZ7dKdTHbqY
dDwlYHRlmn0
kzWozTWdlLY