TsXogrnKQIU
KGpAJAwRqgA
YZR56hAPnbM
Tg_p387BYuI
GYDzBrihZ4g
lx5W2LJ5zS0
Ko9pZC8u5v8
yCgqt_wo0B4
sufIFTMT-tU
hmLDe6H50tI
JJ-r49OXaPU
qoyZ_AEnmVs
vND8HNXyvIo
pA6YEgT1dLY
XQ5trbTO93Q
G8pABGosD38
uuuONKRUn_c
GDUbLW9qClA
WuSNT1be-n0
pVBTPHjNunw
jm3dpBaUULI
4SilhsTuDU0
q65zGO7s3rM
CXLfvK0KXgQ
o7JEBWV4CmY
gTB1nfK-0Ac
ZBXiIs_4H6M
PB0H3rSBMD8
X76mt1s2Vl4
rXRLQSiFk2s
uRtzWu5pfpQ
RrGhiInqXhc
O3NLaKxgOIg
knOkKqZm6I4
OMLgliKYqaI
GivY6W4VBxY
q1zQOA-SslE
eGGFGota5_A
1LM84FSzW0g
BgeTUU5SCJk
HFYwLMqm9oA
IQ7y1GrbrXc
jLrVY7LV3Lc
ATV2p-qxV7o
XY_LTZ5MxwM
j0RNzPU_yCg
nxzrPf0IsUU
4gCK4G5zcLw
9yzuI5W2EzA
jjFB8jUvEno
HnUVz0J2CoE
P4KyjvsceZQ
f4WN5Q9x5JU
IQAgJ_farVk
MNMDORuh5A4
g1ruGyRj2BU
e13IklbYpp0
fNVoFSg4LDQ
axt4QlZiiP8
qliVdl8NQVQ
GcZn8iDNyn4
7H4TcuThyX8
JBrp8aG4lro
xCLfMWy70ME
ovjZ1-11x74
_FQFVGi5OPc
x_Kj2uV8YmI
n0PvJiIn6kM
J0dADXOu560
3X758yC-ouE
ByBF08H-wDA
mNrrRIFRlJA
Jwl6W9NO4a8
HSwFTK1ToaI
9L5G0a0GfDw
OQQi0DPZAwM
PPxqM7oR1Kk
NNhN2Y6ZVkQ
v7i0ygM7w30
1k8kQlJ8XH0
2VP929E1o2E
Nxe80smr9xM
2w2OJqy1igY
eDW3hUdHG00
Pyk2cjuEDGc
rNyriLZzAqY
SMBo1ZlUOmY
Uy5LTocHmoA
RbgxpagCY_c
JbGlLbNYBy8
CW9NulhMq_Y
8JwsTjoA0UI
yrhUflv7MSc
5OLOsYRhNEM
NyoGIdJOatE
E8WpGZxPlFE
4OI0NyIoGyw
ZVWcmGnfCtk
anedUN60dVQ
i-OFj3B0Yms
Up3N5pL04ho
VSPy1d2AIPs
ikkXVRhmXsg
RSYbTSTz91g
1QjBTvGmGVY
VtmAz4in8Wo
RSn20tJsvZQ
1cr_tcBus14
KFBk21Mb8G4
2hnHhMPJoiw
1D7rcZ0vwVc
el7kwS4yzBw
bBSs8gk_srE
tqKpROvrBv4
daZ2ffvJ5CY
GyiujGdjdq4
-3OY-UFP2O4
wOSARSqqksk
yEmnMCi8y5w
WzPJ1MNJBDM
ZYlHNBlE6QI
vUtEW6OTQLw
P9iH8NvaUXw
E799pQJv1Mk