TsXogrnKQIU
KGpAJAwRqgA
YZR56hAPnbM
Tg_p387BYuI
GYDzBrihZ4g
lx5W2LJ5zS0
Ko9pZC8u5v8
yCgqt_wo0B4
sufIFTMT-tU
hmLDe6H50tI
JJ-r49OXaPU
qoyZ_AEnmVs
vND8HNXyvIo
pA6YEgT1dLY
XQ5trbTO93Q
G8pABGosD38
uuuONKRUn_c
GDUbLW9qClA
WuSNT1be-n0
pVBTPHjNunw
jm3dpBaUULI
4SilhsTuDU0
q65zGO7s3rM
CXLfvK0KXgQ
o7JEBWV4CmY
gTB1nfK-0Ac
ZBXiIs_4H6M
PB0H3rSBMD8
X76mt1s2Vl4
rXRLQSiFk2s
uRtzWu5pfpQ
RrGhiInqXhc
O3NLaKxgOIg
knOkKqZm6I4
OMLgliKYqaI
GivY6W4VBxY
q1zQOA-SslE
eGGFGota5_A
1LM84FSzW0g
BgeTUU5SCJk
HFYwLMqm9oA
IQ7y1GrbrXc
jLrVY7LV3Lc
ATV2p-qxV7o
XY_LTZ5MxwM
j0RNzPU_yCg
nxzrPf0IsUU
4gCK4G5zcLw
9yzuI5W2EzA
jjFB8jUvEno
HnUVz0J2CoE
P4KyjvsceZQ
f4WN5Q9x5JU
IQAgJ_farVk
MNMDORuh5A4
g1ruGyRj2BU
e13IklbYpp0
fNVoFSg4LDQ
axt4QlZiiP8
qliVdl8NQVQ
GcZn8iDNyn4
7H4TcuThyX8
JBrp8aG4lro
xCLfMWy70ME
ovjZ1-11x74
_FQFVGi5OPc
x_Kj2uV8YmI
n0PvJiIn6kM
J0dADXOu560
3X758yC-ouE
ByBF08H-wDA
mNrrRIFRlJA
Jwl6W9NO4a8
HSwFTK1ToaI
9L5G0a0GfDw
OQQi0DPZAwM
PPxqM7oR1Kk
NNhN2Y6ZVkQ
v7i0ygM7w30
1k8kQlJ8XH0
2VP929E1o2E
Nxe80smr9xM
2w2OJqy1igY
eDW3hUdHG00
Pyk2cjuEDGc
rNyriLZzAqY
SMBo1ZlUOmY
Uy5LTocHmoA
RbgxpagCY_c
JbGlLbNYBy8
CW9NulhMq_Y
8JwsTjoA0UI
yrhUflv7MSc
5OLOsYRhNEM
NyoGIdJOatE
E8WpGZxPlFE
4OI0NyIoGyw
ZVWcmGnfCtk
anedUN60dVQ
i-OFj3B0Yms
Up3N5pL04ho
VSPy1d2AIPs
ikkXVRhmXsg
RSYbTSTz91g
1QjBTvGmGVY
VtmAz4in8Wo
RSn20tJsvZQ
1cr_tcBus14
KFBk21Mb8G4
2hnHhMPJoiw
1D7rcZ0vwVc
el7kwS4yzBw
bBSs8gk_srE
tqKpROvrBv4
daZ2ffvJ5CY
GyiujGdjdq4
-3OY-UFP2O4
wOSARSqqksk
yEmnMCi8y5w
WzPJ1MNJBDM
ZYlHNBlE6QI
vUtEW6OTQLw
P9iH8NvaUXw
E799pQJv1Mk
wH6f1T9kcYo
sZEvu8vgAy8
S-B2wwTKE8I
MzcdEI-tSUc
QTFZSp-_o1w
PugDAc7Uc0U
HNQMF7e6IL0
Ikgf9nZKZgk
s2Nevqi09W0
jrvzuQmr5to
AKwr1WaWumw
yRbCNU7CsCM
0cfJOmUaNNI
jXZr8aoD3vA
WamDGlFeITE
tnxru4re8N8
4H0sn7S7y4A
kXqj4APQnqo
RsE-uLbCykQ
j0ffyhYQcM8
0_FbaigWRaM
GcKeKmHi--A
Gq4Y4gL3zSg
Vh7S4HvULN0
W0tEjOPwFjM
MhEi91b6ako
1_tl2zBS0j4
rzJDcwiwDUA
7gxHJtyeZpA
7HT7AS3UmFI
neef_gJdaYk
wbxEZtjx1lg
m0kXQPIjgbo
359qEKqEMxw
PT4sml5gXY4
SnRBZqRQfW8
DP_qVxVD3uQ
A4LXLOy7_ts
uS_PZHidou4
ttUD_ffjJhk
gqLmxlTXU64
jb5YxiXIsjU
oZhDU-SjXzg
QGWcgAN4nJo
NdE7uYVaynQ
I4Imhb_UqgI
8CJcfZtbZ2U
P1d1jf7dQ9o
3xPNuCtNx-s
IwOIvqmxe7M
JWO2zjcJqvQ
t7v_EpuwK7c
4BZX_h5Dohk
PEut3w_CMfg
NPIXL3aas-8
v5f-G9Uu5dE
CRqP3VFrars
IFvXPXgSKjE
ueQGC4JmvxQ
aNMEY_wK_O4
eu0hu1VTZBc
HBEKcPJPTIM
OGn20SNUUmU
MAY9P2PCu-c
y1siIqv58Yw
KsxY0QCC5vk
v4lbwuoHnjM
csW7DQdft-E
dS7Ffvs2Evg
yb6RsyU42pc
00Eu5i2mTbw
m4KnpIUjHJ4
ytzNJ0UmaSQ
nDu57CGqbLM
aVu_bZFLtCc
66aDKj34l04
bxnrry6ufRQ
SFLcGnB0bA0
ZVlVcEIo3Ws
12VWE7xQuQQ
7muYPid24Ps
C1fK650VlbU
wpZQAgeaXOo
5h95uTtPeck
3ghcG_16S7c
SrpUSIPxgqk
Z1SDVMmWeqA
lExGTaNEzoM
fwe03itaoeM
jrvEjtkpIPM
qJO0RSk4htI
_CmRj4bNFgk
q3rNT2B2fQg
pN8V6Sj2v1E
CdZ68Xzz9CU
qE8_sstg78k
bvc6v-zj1-o
yUTObNo1c_o
UJM3krUkz1o
BocUY7ALy7w
OLZg3uE2-A4
xke70IUuoLE
4GlgdBAV1TM
OWN_J9FGZ5I
JVKiuDDzKLw
jmomkRqT7oQ
7nyl46ZM8zQ
U-bZKKFcpww
qFt8t9qZTm0
Utz08swAf88
J0Q4L68o3xE
VMYjcjUdLPs
ynZjPq4lc0w
fM1uAG3MdnU
tAiVUt5vE34
X-PXIjJRkss
J2PYwi8fy-M
us4krTa13QY
2VlBZuzLrnU
nd9n8WBWaC4
Blhh7qtgl-8
4LkMYkTJ8jw
mekadE8PLgk
fGaRV_0xl-c
WcJVIHIt774
1CH-d4ER61U
vwwDwLVXTLI
6uYRW0FgZpo
gnXzPlRdQBg
W6P9tti3bhg
0rEhVAOO7EQ
DlGCaTuyvmk
Sdntwm_Q1Zo
jKPvpVBECQ4
ATsKN7HVbUg
8DfJ8Gab5ss
Oue_XEKHq3g
GnEWtqSidOc
DwF_sNb2tsE
1pzqaZN3doE
nOoWRhp9ZiA
mhZcVjNdwzE
3DMhSnlf3Oo
HyrylinoxqI
aGjZtESesOI
Nu3Aub9ifes
WPUaB4G77S8
q0NXtY4N4Lo
arEX6Uo-0cc
IywSTYwIUHE
97pAdzsZSqo
BuuVgZZM878
wv7OxouKZsc
2d-3lo5BVVY
cZrtEdOIONA
xI51qNqzZSU
ZuXCMpVR24I
9FK9qU7ccCY
yDrmzsBFJCo
sDtG_YA7OIs
DjYIyLX-aSk
MSIyd-HKDps
riccApGhD_Q
4LlfpNyZ0z4
ey9J7w98wlI
idZ4FhejY4E
5X0q6wmUwyw
wllmx36M2uI
iaiXZG4YJb8
NL9NRyKo5KA
maEpS6M4GWo
jfy1J6exPXs
jnopGSHnOXc
jLcOO3V1afI
0WJzAxVDi_8
EVCsSf-OrNI
mUmneTwv8YU
DAXcwa_HooQ
0B6A8rQiTlc
bKV1IS-ATmQ
VXp_BlhSbjc
z_y8cn6bSPE
DdQzV2kKzf4
WV4m9MRFP5o
umjqiH_MZKE
oL9MH1Q5Cgg
dlS3vQEBkYU
-dByD-uiW-M
JOpvhgy0i6o
js-sWf2lBfc
RHhWHAZaCS0
7Pa33AYjvlI
rOWx_uYCDZE
vvE-91_cFPI
Ho_9b4TZ4mY
WaAmpGDdTDM
giTHpww2FHo
MjehJ4T_LKI
gq9VRNUqI4k
RI3_GG8QA8U
gsWoN6uGM9c
QpDblC4VoDA
C7_O5BZz0Eo
S_PtnU8gEDs
lLIFe9-4060
A9n67yCpkx4
U6HbUoVdsNQ
tVSATje07as
S9w8HIDshPY
50jWYPiXyz4
Vyn4x0Gbn_0
H1QOF1WieSk
z5toF7ZLPsY
lYucM0BW-lo
O51dYZERhkE
hLl1uHlPYKs
idLVnagjl_s
B7el-TvTuBI
I-43DzvhxX8
7UNVSS9ZidM
uR3wtc8oknM
OwjOpt2FCFw
ek5aFRaRxxE
7dLGdZOWYOE
0mcohdpEMd0
0TkrHIY0Qpk
3G-jjFJcmM4
UPlkR2E_EZk
sKqwSHAZgGY
iIjjoz1ejaw
ZoSJptgd6Eo
KvSsYaoSJGI
03UPyfDYf4g
Bd3abG_YQJY
y3WFgR-jzmk
aKRMhMOHs8I
huHKiryg5UU
KN7eBXl1jeE
n524y8uPUaU
xspTbjeOJuU
gwFhKBOJCEw
KTH6N2n0exc
BWkDK1hhoz0
UfGDEXV2F60
Y5RRrc9cs4E
m9AcUM0ZaL4
l-Ve9Vwj3gw
BAgStSY6mIo