4H0sn7S7y4A
MWMziwEXxvc
miL-qUw3S9U
LKWosiUUORs
oZhDU-SjXzg
BAgStSY6mIo
cIxqEIJuFok
Jx8aWIt5oGM
rZAQ29_JfaQ
tVSATje07as
qrMkehSkblk
eWsbggozZS4
9rfuCjVU1jk
KkPkXrbjf4g
fJfHio68IrU
5REgF4xuAmY
LrRh2IJUoZg
bO43msZTfwA
ERrPTlyetO4
y-wMxQ9X3uw
KuCYGSYh5AE
gw5iqwdgWdM
i3tnNk_jnAw
5haruMX5-PQ
c_XLrDQeSKI
4pdZ5OpMAjQ
q65zGO7s3rM
1wlq-A6rDqQ
aKRMhMOHs8I
5M8qir0gNIA
hZBRLw6PokM
bgS2S_kPUts
OMLgliKYqaI
yWnsKW7mQf8
HxHIYhThBFQ
5jNAMtcSLhQ
k4F0U2pFpzM
03UPyfDYf4g
gkh4yW3WVn0
W0tEjOPwFjM
ZAQwr9aJoSg
oIP1s8E5mF0
1po3ma5YHFs
H3H2yM3se2U
M1WwelWfWHQ
6QUCaLvQ_3I
VIxEHF1_SJM
gkvcRyAmW1M
IRF43yEkFOM
CYiKu-303ho
H9R0Hp81MOE
Y552m_F8Xbg
v7NQ-MI0G7Q
_XwMUpA5K30
h6BNmvrPx2Y
dpcAENP603k
6JTKEOAWLyQ
ZYlHNBlE6QI
rAOU2gl4kY8
vyQzp8V9Q50
rV7ZH0b22Nk
_65lEmHZ3hQ
edEidt8W3Yg
xjgPW877Ho8
PuekW6d_0yE
WQvHH-u9W5w
4EgRaySMjJQ
KayHKHkYMro
JJ-r49OXaPU
AOOeEwKy5KE
e13IklbYpp0
z_RHMC7qAJM
X2-c8c553_Y
sufIFTMT-tU
fFrtCjkSvHI
19s6r7e1FuE
7H4TcuThyX8
Oh0yA3yHrDQ
_8_Hs2lWo5o
pQ2q6tQyHXc
SJIbpqgYWGw
CzU3_kSlKAs
JjOCViuhKwo
WJ1djRwaX18
HBEKcPJPTIM
HUIwQlw5_XA
LDBWBUVZsCI
dw8FWzSxl7o
Xdi39XypbLM
GyiujGdjdq4
YxP2cUNkvSw
WZk76BqQsyI
vUtEW6OTQLw
vjm4_QuByQY
v-Y1kmv3zeI
SyJ7b0LUVyA
UTgWLbuCWDo
J_fEQLEgvlY
NPIXL3aas-8