-fZl02cVTBg
wm61oYLRlYE
tmO6N6TBXoE
l2bSP81yuEU
AOoAXwJ-DG0
gkcVbhfvnGI
Il1AuDk1nZw
eDDmstlwW24
KXIFTcHZzgU
687gkvLi5kI
oxNOKsLrGC0
DowG7clEJuA
kDqR0jLZ8Jk
x1lHPvz4s6Y
prqDTwrZqyk
ueQGC4JmvxQ
KZEZPlrFMSg
uPs041J9pnY
4-VI6wHytIk
9L5G0a0GfDw
iHi64dMEsPc
VBgNSpGUJDM
ObgKGPWQQNY
hLl1uHlPYKs
pjy-lzuZy5I
XUHXxmUJ7LI
Fps2ato1-p4
3G3atDjt6YI
v1NChOOfV8k
bQum-XeMp4A
iWpuOrmm2Zo
bwP1NkqJnKU
yePCPlu8w6E
93V0rQ6L0iQ
mkaBzkslLdU
wTUuzWCHAk0
h5eb7vQhRhI
BWkDK1hhoz0
mn3ZaG_i6y8
9SNt5luwwsU
MDwhMMSFkJ8
jMMcnEHtpDs
5K3JaGCrDtg
B83aBccMDEQ
PgR_YjhMNno
qRj6ap0ZjGA
yJEnS5eHckw
jXZr8aoD3vA
MezeLUxexP0
0Zgz2TVXJos
fFsL5Q3hbwU
4krs7z2bjlE
5OLOsYRhNEM
jmEu_f0ccCM
l0qDAG7jGfg
YB43_nwD9bE
baRj0O4cqgI
69Aw5PC1h4Y
I4Imhb_UqgI
WhB7Id09JuQ
XKuiBH9PQfY
4hb9gnKnyCs
QaL8YLg_JGI
SlFajAz3Cx4
E2h4a4pLC4A
TCUsegqBZ_M
uUkEmP1gmEU
QzdtNdF9yVc
zKlAFc39qFs
ZZJ0IEI8N80
su06lbP1A2U
QQTlq72pqSA
vT8tla1OKSo
voMBpyHf9QE
_NHK8xO__BQ
_C3mZiyc3-s
7nafZL0NXlA
rN83eeGTRy4
56auoHZucuk
yb6RsyU42pc
wllmx36M2uI
52NNTlLpNMM
ytU2O3QtMjw
-3GumCmyAIk
pHb0IPApb5s
nWxIAVQpv8E
q0NXtY4N4Lo
H0Bk-XECT4o
DvbR51WJFHA
3ja2teDnx_I
IHKStNPCy3M
W5CdMA0vUps
4fxKBGthpaw
3n0JIuX9fZA
tKW5RX1T_mU
p2HQGFwtLeI
wmViONWyGSA
Fn__BrVR86E
z5toF7ZLPsY