CREpRoomofw
4rcoX9lon34
1cr_tcBus14
2d7-VONA2C8
uR3wtc8oknM
pedNfNtzaVw
Wfw4es2hwrw
3Wt0KCsx8jI
PVWgZKtOMjY
Vwf07uS-Gfc
qRBDAwgpLs0
RtdZJtLAcSQ
m3Z74OVczNU
5g6NIa-ZTxg
JDAnDzXAVDs
Yyr_hgw7nWA
CuGCyjT12HM
Hz4VMAUswbQ
xw-wlpy8IF8
mekadE8PLgk
WgqL4W1sM-4
7nyEhYNnBXg
SdGCX2H-_Uk
j0RNzPU_yCg
RHhWHAZaCS0
GCydJe2p0zs
YMUV3i7dl4U
Bvu9m__ZX60
hLY_QGrxekI
0febG_1e-fY
e0gbKSHtH24
Er6BDsQ9VCg
fM1uAG3MdnU
awOK5ayCJao
qD-shAzTFsU
N-e4qGIbA7g
tnLSwSjQY_E
uBp-cC_5me0
mBPqc35yH7I
OEapffs2lq0
J2PYwi8fy-M
5d9XEfAM0yE
604yJY6pHgs
7UNVSS9ZidM
7jiN9hsm-kQ
ONwWgyOc7Ok
RQp1HbiEiSI
qUTNqWWIF0k
sb37cgYc8zY
SlswEPy8cjk
q1zQOA-SslE
700Gkaf1ZXA
_s-CWZ3Jmg0
YdttoM3jJIY
oDxPIPa0wV8
NdE7uYVaynQ
FFmvv8HUYPw
6IXgAmerkTA
u7nXXtYaRro
xke70IUuoLE
A9n67yCpkx4
RtrL1aWkJg4
ZVc4WU2xCXk
-oytwMeyR74
AkrX8q82IAo
PJFOnPTH_Qk
VSPau3HJ3SI
tmZeR3hiGQM
VtmAz4in8Wo
ht6-XcZV1IU
Bw0offlncsE
n7N1KAECOUA
n9JX1gUnJg4
MFVmxoXgeNQ
Ch4uTD4FVlk
x95SOBfrIzg
Jsj9obKqpAo
tBNjQPmE1TQ
q3rNT2B2fQg
SQg3kC22LfY
QJ6S0dWkQjY
719-xjyMtPk
1An41lDIJ6Q
89eg3nExUI4
sdpp7DWKenQ
SBBLe89At6k
Eg_SGvYgNp0
wgMmUpldVbE
S4v9RZyyC3g
JpbIfHvgF_o
xyccHcWoS74
wBck0kmwO6o
wzWno2uh6fQ
2A1vnPbgFPo
KYqp3UjczeA
tGUkOReZW9s
dySedWOZ9CE
MlDnShLtcks
9Ab9TWtqCv4