-3GumCmyAIk
-d7xDSENKu8
-fZl02cVTBg
-oytwMeyR74
-tOdJzOzkHA
03UPyfDYf4g
0Zgz2TVXJos
0febG_1e-fY
19s6r7e1FuE
1An41lDIJ6Q
1GR15BdheLM
1cr_tcBus14
1j99sWYkBCQ
1po3ma5YHFs
1wlq-A6rDqQ
2A1vnPbgFPo
2d7-VONA2C8
3G3atDjt6YI
3Wt0KCsx8jI
3ja2teDnx_I
3n0JIuX9fZA
4-VI6wHytIk
4EgRaySMjJQ
4H0sn7S7y4A
4LlfpNyZ0z4
4fxKBGthpaw
4hb9gnKnyCs
4krs7z2bjlE
4pdZ5OpMAjQ
4rcoX9lon34
52NNTlLpNMM
56auoHZucuk
5K3JaGCrDtg
5M8qir0gNIA
5OLOsYRhNEM
5OcAVscXQJE
5REgF4xuAmY
5d9XEfAM0yE
5g6NIa-ZTxg
5haruMX5-PQ
5jNAMtcSLhQ
604yJY6pHgs
687gkvLi5kI
69Aw5PC1h4Y
6BJorrGulVs
6IXgAmerkTA
6JTKEOAWLyQ
6QUCaLvQ_3I
700Gkaf1ZXA
719-xjyMtPk
7H4TcuThyX8
7UNVSS9ZidM
7gxHJtyeZpA
7jiN9hsm-kQ
7muYPid24Ps
7nafZL0NXlA
7nyEhYNnBXg
81YGLW_Z8Ms
89eg3nExUI4
8ESEI0bqrJ4
8feS1rNYEbg
93V0rQ6L0iQ
9Ab9TWtqCv4
9L5G0a0GfDw
9SNt5luwwsU
9rfuCjVU1jk
A9n67yCpkx4
AOOeEwKy5KE
AOoAXwJ-DG0
AkrX8q82IAo
AteCs2zjmow
B83aBccMDEQ
BAgStSY6mIo
BWkDK1hhoz0
Bd3abG_YQJY
Bvu9m__ZX60
Bw0offlncsE
CGB2ZoVDiQk
CREpRoomofw
CRIg8Dqu804
CYiKu-303ho
Ch4uTD4FVlk
CuGCyjT12HM
CzU3_kSlKAs
DhC780htXOc
Di3FaSDxSRA
DowG7clEJuA
DvbR51WJFHA
E2h4a4pLC4A
EFNxuXvqQYA
ERrPTlyetO4
Eg_SGvYgNp0
ElPiRfIXXOg
Er6BDsQ9VCg
FFmvv8HUYPw
Fn__BrVR86E
Fps2ato1-p4
GCydJe2p0zs
GyiujGdjdq4
H0Bk-XECT4o
H3H2yM3se2U
H9R0Hp81MOE
HBEKcPJPTIM
HUIwQlw5_XA
HUZTBwuu7eY
HaCPhXb4C9o
HlFrYtllnkU
HxHIYhThBFQ
Hz4VMAUswbQ
I13wYBLY0Ko
I4Imhb_UqgI
IHKStNPCy3M
IRF43yEkFOM
Il1AuDk1nZw
IuN5joAWuqk
J2PYwi8fy-M
J3n8j07skhM
JDAnDzXAVDs
JJ-r49OXaPU
JVKiuDDzKLw
J_fEQLEgvlY
JjOCViuhKwo
JpbIfHvgF_o
JptTJ2Ow5GE
Jsj9obKqpAo
Jx8aWIt5oGM
K-WZrwe4SN0
KXIFTcHZzgU
KYqp3UjczeA
KZEZPlrFMSg
KayHKHkYMro
KbUrk86xsxw
KkPkXrbjf4g
KuCYGSYh5AE
LBUr14xs9k4
LDBWBUVZsCI
LKWosiUUORs
LSeJeKHsUkw
LrRh2IJUoZg
M1WwelWfWHQ
M6C6yWylLc8
MDwhMMSFkJ8
MFVmxoXgeNQ
MWMziwEXxvc
MezeLUxexP0
MhEi91b6ako
MlDnShLtcks
N-e4qGIbA7g
NJzzEEG6FZc
NPIXL3aas-8
NdE7uYVaynQ
NzfE5EllJcY
OEapffs2lq0
OGn20SNUUmU
OMLgliKYqaI
ONwWgyOc7Ok
OZOaN_5ymrc
Oak26yVbibQ
ObgKGPWQQNY
OfMFVMG3LXA
Oh0yA3yHrDQ
PJFOnPTH_Qk
PVWgZKtOMjY
PbboDe6LKpA
PgR_YjhMNno
PuekW6d_0yE
QJ6S0dWkQjY
QQTlq72pqSA
QaL8YLg_JGI
QzdtNdF9yVc
RHhWHAZaCS0
RQp1HbiEiSI
RYiTVMb_UHg
Ra9FqlaaeK8
RsE-uLbCykQ
RtdZJtLAcSQ
RtrL1aWkJg4
S-B2wwTKE8I
S4v9RZyyC3g
SBBLe89At6k
SJIbpqgYWGw
SQg3kC22LfY
S_PtnU8gEDs
SdGCX2H-_Uk
SlFajAz3Cx4
SlswEPy8cjk
SnRBZqRQfW8
SyJ7b0LUVyA
TCUsegqBZ_M
TWsixmdzsnI
UTgWLbuCWDo
V3zp7XOGBhs
VBgNSpGUJDM
VIxEHF1_SJM
VSPau3HJ3SI
VtmAz4in8Wo
Vwf07uS-Gfc
W0tEjOPwFjM
W5CdMA0vUps
WJ1djRwaX18
WMZAENL9oFw
WQowtvJjCeE
WQvHH-u9W5w
WZk76BqQsyI
WbU3_lRa4s8
Wfw4es2hwrw
WgqL4W1sM-4
WhB7Id09JuQ
X-PXIjJRkss
X2-c8c553_Y
XKuiBH9PQfY
XSHyjoU5RDc
XUHXxmUJ7LI
X_PbYjFCXjw
Xdi39XypbLM
Xn3cKBWeMqY
Y552m_F8Xbg
Y5RRrc9cs4E
YB43_nwD9bE
YMUV3i7dl4U
YdttoM3jJIY
YpoXMebAYgE
YxP2cUNkvSw
Yyr_hgw7nWA
ZAQwr9aJoSg
ZVc4WU2xCXk
ZYlHNBlE6QI
ZZJ0IEI8N80
_65lEmHZ3hQ
_8_Hs2lWo5o
_C3mZiyc3-s
_NHK8xO__BQ
_XwMUpA5K30
_kg76aCZxoU
_s-CWZ3Jmg0
_vtqcgD7nks
aKRMhMOHs8I
a_C-Wa4gNHA
awOK5ayCJao
bO43msZTfwA
bQum-XeMp4A
bX95LotTxIc
baRj0O4cqgI
bgS2S_kPUts
bwP1NkqJnKU
c4DbdubFuEk
cIxqEIJuFok
c_XLrDQeSKI
dBM3eM9HOoA
dFq9wbrV-v0
dKXcVq61y8Q
dpcAENP603k
dw8FWzSxl7o
dySedWOZ9CE
e0gbKSHtH24
e13IklbYpp0
e4q1j1a44Zs
eBlLt8MOHXM
eDDmstlwW24
eWsbggozZS4
edEidt8W3Yg
f04oxPdEjOw
f6njWBlFK3I
fBqz3SYDb2s
fFrtCjkSvHI
fFsL5Q3hbwU
fJfHio68IrU
fM1uAG3MdnU
ffsznHClegw
fl-rc2-fb4Y
gTB1nfK-0Ac
gkcVbhfvnGI
gkh4yW3WVn0
gkvcRyAmW1M
gw5iqwdgWdM
h5eb7vQhRhI
h6BNmvrPx2Y
hLY_QGrxekI
hLl1uHlPYKs
hZBRLw6PokM
ht6-XcZV1IU
i3tnNk_jnAw
iGuCpdwkMvM
iHi64dMEsPc
iWpuOrmm2Zo
j0RNzPU_yCg
jL39PuZmfPk
jMMcnEHtpDs
jXZr8aoD3vA
jjFB8jUvEno
jmEu_f0ccCM
k4F0U2pFpzM
kDqR0jLZ8Jk
kPssHl1FXTY
l0qDAG7jGfg
l2bSP81yuEU
lLIFe9-4060
luMEfbJInw0
lveuF34ho4M
m3Z74OVczNU
mBPqc35yH7I
mCev-M_-3tU
mKCVjnlgOEQ
mekadE8PLgk
miL-qUw3S9U
mkaBzkslLdU
mn3ZaG_i6y8
n7N1KAECOUA
n9JX1gUnJg4
nWxIAVQpv8E
oDxPIPa0wV8
oIP1s8E5mF0
oZhDU-SjXzg
ofrIqZrMBCg
oxNOKsLrGC0
p2HQGFwtLeI
pHb0IPApb5s
pQ2q6tQyHXc
pedNfNtzaVw
pjy-lzuZy5I
prqDTwrZqyk
punYlPHdGiw
q0NXtY4N4Lo
q1zQOA-SslE
q3rNT2B2fQg
q65zGO7s3rM
qD-shAzTFsU
qRBDAwgpLs0
qRj6ap0ZjGA
qUTNqWWIF0k
qrMkehSkblk
rAOU2gl4kY8
rIR9Ereztp8
rLDPDjx0Ll8
rN83eeGTRy4
rV7ZH0b22Nk
rZAQ29_JfaQ
sb37cgYc8zY
sdpp7DWKenQ
su06lbP1A2U
sufIFTMT-tU
tBNjQPmE1TQ
tGUkOReZW9s
tKW5RX1T_mU
tVSATje07as
tbAM0g42hSQ
tmO6N6TBXoE
tmZeR3hiGQM
tnLSwSjQY_E
u7nXXtYaRro
uBp-cC_5me0
uPRSAz0nPyY
uPs041J9pnY
uR3wtc8oknM
uUkEmP1gmEU
uayp7VRoL3Y
ueQGC4JmvxQ
uqcOZw0cSe8
v-Y1kmv3zeI
v1NChOOfV8k
v7NQ-MI0G7Q
vT8tla1OKSo
vUtEW6OTQLw
vjm4_QuByQY
voMBpyHf9QE
vyQzp8V9Q50
wBck0kmwO6o
wTUuzWCHAk0
wX28jghQv7o
wgMmUpldVbE
wgux5WTgDV8
wllmx36M2uI
wm61oYLRlYE
wmViONWyGSA
wzWno2uh6fQ
x1gpukNIvlg
x1lHPvz4s6Y
x95SOBfrIzg
xRH8tSDeW5Y
xjgPW877Ho8
xke70IUuoLE
xw-wlpy8IF8
xyccHcWoS74
y-wMxQ9X3uw
y3WFgR-jzmk
y42GkyrTH64
yCgqt_wo0B4
yJEnS5eHckw
yWnsKW7mQf8
yb6RsyU42pc
yePCPlu8w6E
ytU2O3QtMjw
yyweeKJgIcQ
z3XCx5uyVOI
z5toF7ZLPsY
zKlAFc39qFs
z_RHMC7qAJM