4H0sn7S7y4A
MWMziwEXxvc
miL-qUw3S9U
LKWosiUUORs
oZhDU-SjXzg
BAgStSY6mIo
cIxqEIJuFok
Jx8aWIt5oGM
rZAQ29_JfaQ
tVSATje07as
qrMkehSkblk
eWsbggozZS4
9rfuCjVU1jk
KkPkXrbjf4g
fJfHio68IrU
5REgF4xuAmY
LrRh2IJUoZg
bO43msZTfwA
ERrPTlyetO4
y-wMxQ9X3uw
KuCYGSYh5AE
gw5iqwdgWdM
i3tnNk_jnAw
5haruMX5-PQ
c_XLrDQeSKI
4pdZ5OpMAjQ
q65zGO7s3rM
1wlq-A6rDqQ
aKRMhMOHs8I
5M8qir0gNIA
hZBRLw6PokM
bgS2S_kPUts
OMLgliKYqaI
yWnsKW7mQf8
HxHIYhThBFQ
5jNAMtcSLhQ
k4F0U2pFpzM
03UPyfDYf4g
gkh4yW3WVn0
W0tEjOPwFjM
ZAQwr9aJoSg
oIP1s8E5mF0
1po3ma5YHFs
H3H2yM3se2U
M1WwelWfWHQ
6QUCaLvQ_3I
VIxEHF1_SJM
gkvcRyAmW1M
IRF43yEkFOM
CYiKu-303ho
H9R0Hp81MOE
Y552m_F8Xbg
v7NQ-MI0G7Q
_XwMUpA5K30
h6BNmvrPx2Y
dpcAENP603k
6JTKEOAWLyQ
ZYlHNBlE6QI
rAOU2gl4kY8
vyQzp8V9Q50
rV7ZH0b22Nk
_65lEmHZ3hQ
edEidt8W3Yg
xjgPW877Ho8
PuekW6d_0yE
WQvHH-u9W5w
4EgRaySMjJQ
KayHKHkYMro
JJ-r49OXaPU
AOOeEwKy5KE
e13IklbYpp0
z_RHMC7qAJM
X2-c8c553_Y
sufIFTMT-tU
fFrtCjkSvHI
19s6r7e1FuE
7H4TcuThyX8
Oh0yA3yHrDQ
_8_Hs2lWo5o
pQ2q6tQyHXc
SJIbpqgYWGw
CzU3_kSlKAs
JjOCViuhKwo
WJ1djRwaX18
HBEKcPJPTIM
HUIwQlw5_XA
LDBWBUVZsCI
dw8FWzSxl7o
Xdi39XypbLM
GyiujGdjdq4
YxP2cUNkvSw
WZk76BqQsyI
vUtEW6OTQLw
vjm4_QuByQY
v-Y1kmv3zeI
SyJ7b0LUVyA
UTgWLbuCWDo
J_fEQLEgvlY
NPIXL3aas-8
CREpRoomofw
4rcoX9lon34
1cr_tcBus14
2d7-VONA2C8
uR3wtc8oknM
pedNfNtzaVw
Wfw4es2hwrw
3Wt0KCsx8jI
PVWgZKtOMjY
Vwf07uS-Gfc
qRBDAwgpLs0
RtdZJtLAcSQ
m3Z74OVczNU
5g6NIa-ZTxg
JDAnDzXAVDs
Yyr_hgw7nWA
CuGCyjT12HM
Hz4VMAUswbQ
xw-wlpy8IF8
mekadE8PLgk
WgqL4W1sM-4
7nyEhYNnBXg
SdGCX2H-_Uk
j0RNzPU_yCg
RHhWHAZaCS0
GCydJe2p0zs
YMUV3i7dl4U
Bvu9m__ZX60
hLY_QGrxekI
0febG_1e-fY
e0gbKSHtH24
Er6BDsQ9VCg
fM1uAG3MdnU
awOK5ayCJao
qD-shAzTFsU
N-e4qGIbA7g
tnLSwSjQY_E
uBp-cC_5me0
mBPqc35yH7I
OEapffs2lq0
J2PYwi8fy-M
5d9XEfAM0yE
604yJY6pHgs
7UNVSS9ZidM
7jiN9hsm-kQ
ONwWgyOc7Ok
RQp1HbiEiSI
qUTNqWWIF0k
sb37cgYc8zY
SlswEPy8cjk
q1zQOA-SslE
700Gkaf1ZXA
_s-CWZ3Jmg0
YdttoM3jJIY
oDxPIPa0wV8
NdE7uYVaynQ
FFmvv8HUYPw
6IXgAmerkTA
u7nXXtYaRro
xke70IUuoLE
A9n67yCpkx4
RtrL1aWkJg4
ZVc4WU2xCXk
-oytwMeyR74
AkrX8q82IAo
PJFOnPTH_Qk
VSPau3HJ3SI
tmZeR3hiGQM
VtmAz4in8Wo
ht6-XcZV1IU
Bw0offlncsE
n7N1KAECOUA
n9JX1gUnJg4
MFVmxoXgeNQ
Ch4uTD4FVlk
x95SOBfrIzg
Jsj9obKqpAo
tBNjQPmE1TQ
q3rNT2B2fQg
SQg3kC22LfY
QJ6S0dWkQjY
719-xjyMtPk
1An41lDIJ6Q
89eg3nExUI4
sdpp7DWKenQ
SBBLe89At6k
Eg_SGvYgNp0
wgMmUpldVbE
S4v9RZyyC3g
JpbIfHvgF_o
xyccHcWoS74
wBck0kmwO6o
wzWno2uh6fQ
2A1vnPbgFPo
KYqp3UjczeA
tGUkOReZW9s
dySedWOZ9CE
MlDnShLtcks
9Ab9TWtqCv4
-d7xDSENKu8
OZOaN_5ymrc
OfMFVMG3LXA
uqcOZw0cSe8
uPRSAz0nPyY
Oak26yVbibQ
S_PtnU8gEDs
f04oxPdEjOw
I13wYBLY0Ko
6BJorrGulVs
HUZTBwuu7eY
M6C6yWylLc8
ofrIqZrMBCg
S-B2wwTKE8I
dBM3eM9HOoA
YpoXMebAYgE
JVKiuDDzKLw
luMEfbJInw0
XSHyjoU5RDc
yCgqt_wo0B4
1j99sWYkBCQ
y42GkyrTH64
X_PbYjFCXjw
7gxHJtyeZpA
-tOdJzOzkHA
Bd3abG_YQJY
K-WZrwe4SN0
LSeJeKHsUkw
EFNxuXvqQYA
f6njWBlFK3I
Y5RRrc9cs4E
5OcAVscXQJE
lveuF34ho4M
CRIg8Dqu804
7muYPid24Ps
ffsznHClegw
8ESEI0bqrJ4
uayp7VRoL3Y
TWsixmdzsnI
tbAM0g42hSQ
fl-rc2-fb4Y
dKXcVq61y8Q
RsE-uLbCykQ
gTB1nfK-0Ac
RYiTVMb_UHg
iGuCpdwkMvM
V3zp7XOGBhs
81YGLW_Z8Ms
8feS1rNYEbg
X-PXIjJRkss
ElPiRfIXXOg
WbU3_lRa4s8
jL39PuZmfPk
HaCPhXb4C9o
eBlLt8MOHXM
mKCVjnlgOEQ
jjFB8jUvEno
SnRBZqRQfW8
punYlPHdGiw
WMZAENL9oFw
z3XCx5uyVOI
wgux5WTgDV8
J3n8j07skhM
Ra9FqlaaeK8
bX95LotTxIc
1GR15BdheLM
NzfE5EllJcY
rIR9Ereztp8
KbUrk86xsxw
a_C-Wa4gNHA
lLIFe9-4060
mCev-M_-3tU
e4q1j1a44Zs
4LlfpNyZ0z4
PbboDe6LKpA
OGn20SNUUmU
wX28jghQv7o
fBqz3SYDb2s
HlFrYtllnkU
yyweeKJgIcQ
IuN5joAWuqk
xRH8tSDeW5Y
_vtqcgD7nks
x1gpukNIvlg
y3WFgR-jzmk
dFq9wbrV-v0
CGB2ZoVDiQk
DhC780htXOc
NJzzEEG6FZc
Xn3cKBWeMqY
rLDPDjx0Ll8
JptTJ2Ow5GE
c4DbdubFuEk
LBUr14xs9k4
kPssHl1FXTY
AteCs2zjmow
_kg76aCZxoU
Di3FaSDxSRA
WQowtvJjCeE
MhEi91b6ako