CREpRoomofw
4rcoX9lon34
1cr_tcBus14
2d7-VONA2C8
uR3wtc8oknM
pedNfNtzaVw
Wfw4es2hwrw
3Wt0KCsx8jI
PVWgZKtOMjY
Vwf07uS-Gfc
qRBDAwgpLs0
RtdZJtLAcSQ
m3Z74OVczNU
5g6NIa-ZTxg
JDAnDzXAVDs
Yyr_hgw7nWA
CuGCyjT12HM
Hz4VMAUswbQ
xw-wlpy8IF8
mekadE8PLgk
WgqL4W1sM-4
7nyEhYNnBXg
SdGCX2H-_Uk
j0RNzPU_yCg
RHhWHAZaCS0
GCydJe2p0zs
YMUV3i7dl4U
Bvu9m__ZX60
hLY_QGrxekI
0febG_1e-fY
e0gbKSHtH24
Er6BDsQ9VCg
fM1uAG3MdnU
awOK5ayCJao
qD-shAzTFsU
N-e4qGIbA7g
tnLSwSjQY_E
uBp-cC_5me0
mBPqc35yH7I
OEapffs2lq0
J2PYwi8fy-M
5d9XEfAM0yE
604yJY6pHgs
7UNVSS9ZidM
7jiN9hsm-kQ
ONwWgyOc7Ok
RQp1HbiEiSI
qUTNqWWIF0k
sb37cgYc8zY
SlswEPy8cjk
q1zQOA-SslE
700Gkaf1ZXA
_s-CWZ3Jmg0
YdttoM3jJIY
oDxPIPa0wV8
NdE7uYVaynQ
FFmvv8HUYPw
6IXgAmerkTA
u7nXXtYaRro
xke70IUuoLE
A9n67yCpkx4
RtrL1aWkJg4
ZVc4WU2xCXk
-oytwMeyR74
AkrX8q82IAo
PJFOnPTH_Qk
VSPau3HJ3SI
tmZeR3hiGQM
VtmAz4in8Wo
ht6-XcZV1IU
Bw0offlncsE
n7N1KAECOUA
n9JX1gUnJg4
MFVmxoXgeNQ
Ch4uTD4FVlk
x95SOBfrIzg
Jsj9obKqpAo
tBNjQPmE1TQ
q3rNT2B2fQg
SQg3kC22LfY
QJ6S0dWkQjY
719-xjyMtPk
1An41lDIJ6Q
89eg3nExUI4
sdpp7DWKenQ
SBBLe89At6k
Eg_SGvYgNp0
wgMmUpldVbE
S4v9RZyyC3g
JpbIfHvgF_o
xyccHcWoS74
wBck0kmwO6o
wzWno2uh6fQ
2A1vnPbgFPo
KYqp3UjczeA
tGUkOReZW9s
dySedWOZ9CE
MlDnShLtcks
9Ab9TWtqCv4
-fZl02cVTBg
wm61oYLRlYE
tmO6N6TBXoE
l2bSP81yuEU
AOoAXwJ-DG0
gkcVbhfvnGI
Il1AuDk1nZw
eDDmstlwW24
KXIFTcHZzgU
687gkvLi5kI
oxNOKsLrGC0
DowG7clEJuA
kDqR0jLZ8Jk
x1lHPvz4s6Y
prqDTwrZqyk
ueQGC4JmvxQ
KZEZPlrFMSg
uPs041J9pnY
4-VI6wHytIk
9L5G0a0GfDw
iHi64dMEsPc
VBgNSpGUJDM
ObgKGPWQQNY
hLl1uHlPYKs
pjy-lzuZy5I
XUHXxmUJ7LI
Fps2ato1-p4
3G3atDjt6YI
v1NChOOfV8k
bQum-XeMp4A
iWpuOrmm2Zo
bwP1NkqJnKU
yePCPlu8w6E
93V0rQ6L0iQ
mkaBzkslLdU
wTUuzWCHAk0
h5eb7vQhRhI
BWkDK1hhoz0
mn3ZaG_i6y8
9SNt5luwwsU
MDwhMMSFkJ8
jMMcnEHtpDs
5K3JaGCrDtg
B83aBccMDEQ
PgR_YjhMNno
qRj6ap0ZjGA
yJEnS5eHckw
jXZr8aoD3vA
MezeLUxexP0
0Zgz2TVXJos
fFsL5Q3hbwU
4krs7z2bjlE
5OLOsYRhNEM
jmEu_f0ccCM
l0qDAG7jGfg
YB43_nwD9bE
baRj0O4cqgI
69Aw5PC1h4Y
I4Imhb_UqgI
WhB7Id09JuQ
XKuiBH9PQfY
4hb9gnKnyCs
QaL8YLg_JGI
SlFajAz3Cx4
E2h4a4pLC4A
TCUsegqBZ_M
uUkEmP1gmEU
QzdtNdF9yVc
zKlAFc39qFs
ZZJ0IEI8N80
su06lbP1A2U
QQTlq72pqSA
vT8tla1OKSo
voMBpyHf9QE
_NHK8xO__BQ
_C3mZiyc3-s
7nafZL0NXlA
rN83eeGTRy4
56auoHZucuk
yb6RsyU42pc
wllmx36M2uI
52NNTlLpNMM
ytU2O3QtMjw
-3GumCmyAIk
pHb0IPApb5s
nWxIAVQpv8E
q0NXtY4N4Lo
H0Bk-XECT4o
DvbR51WJFHA
3ja2teDnx_I
IHKStNPCy3M
W5CdMA0vUps
4fxKBGthpaw
3n0JIuX9fZA
tKW5RX1T_mU
p2HQGFwtLeI
wmViONWyGSA
Fn__BrVR86E
z5toF7ZLPsY
-d7xDSENKu8
OZOaN_5ymrc
OfMFVMG3LXA
uqcOZw0cSe8
uPRSAz0nPyY
Oak26yVbibQ
S_PtnU8gEDs
f04oxPdEjOw
I13wYBLY0Ko
6BJorrGulVs
HUZTBwuu7eY
M6C6yWylLc8
ofrIqZrMBCg
S-B2wwTKE8I
dBM3eM9HOoA
YpoXMebAYgE
JVKiuDDzKLw
luMEfbJInw0
XSHyjoU5RDc
yCgqt_wo0B4
1j99sWYkBCQ
y42GkyrTH64
X_PbYjFCXjw
7gxHJtyeZpA
-tOdJzOzkHA
Bd3abG_YQJY
K-WZrwe4SN0
LSeJeKHsUkw
EFNxuXvqQYA
f6njWBlFK3I
Y5RRrc9cs4E
5OcAVscXQJE
lveuF34ho4M
CRIg8Dqu804
7muYPid24Ps
ffsznHClegw
8ESEI0bqrJ4
uayp7VRoL3Y
TWsixmdzsnI
tbAM0g42hSQ
fl-rc2-fb4Y
dKXcVq61y8Q
RsE-uLbCykQ
gTB1nfK-0Ac
RYiTVMb_UHg
iGuCpdwkMvM
V3zp7XOGBhs
81YGLW_Z8Ms
8feS1rNYEbg
X-PXIjJRkss
ElPiRfIXXOg
WbU3_lRa4s8
jL39PuZmfPk
HaCPhXb4C9o
eBlLt8MOHXM
mKCVjnlgOEQ
jjFB8jUvEno
SnRBZqRQfW8
punYlPHdGiw
WMZAENL9oFw
z3XCx5uyVOI
wgux5WTgDV8
J3n8j07skhM
Ra9FqlaaeK8
bX95LotTxIc
1GR15BdheLM
NzfE5EllJcY
rIR9Ereztp8
KbUrk86xsxw
a_C-Wa4gNHA
lLIFe9-4060
mCev-M_-3tU
e4q1j1a44Zs
4LlfpNyZ0z4
PbboDe6LKpA
OGn20SNUUmU
wX28jghQv7o
fBqz3SYDb2s
HlFrYtllnkU
yyweeKJgIcQ
IuN5joAWuqk
xRH8tSDeW5Y
_vtqcgD7nks
x1gpukNIvlg
y3WFgR-jzmk
dFq9wbrV-v0
CGB2ZoVDiQk
DhC780htXOc
NJzzEEG6FZc
Xn3cKBWeMqY
rLDPDjx0Ll8
JptTJ2Ow5GE
c4DbdubFuEk
LBUr14xs9k4
kPssHl1FXTY
AteCs2zjmow
_kg76aCZxoU
Di3FaSDxSRA
WQowtvJjCeE
MhEi91b6ako